2026-09-16T23:52:32.254+00:00 dispatch_start tool dispatch started {"tool_name": "shell_exec", "phase": "execute", "arguments": {"command": "pwd && ls -la"}, "requested_tool_name": null}
2026-09-16T23:52:32.293+00:00 dispatch_spec tool metadata {"tool_name": "shell_exec", "category": "shell", "risk": "high", "phase": "execute"}
2026-09-16T23:52:32.443+00:00 dispatch_complete tool dispatch finished {"tool_name": "shell_exec", "success": true, "tier": "tier1", "output": {"stdout": "/work\ntotal 12\ndrwxrwxrwx 1 root root 4096 Sep 16 23:51 .\ndrwxr-xr-x 1 root root 4096 Sep 16 23:50 ..\ndrwxr-xr-x 1 root root 4096 Sep 16 23:51 .smallctl\ndrwxr-xr-x 1 root root 4096 Sep 16 23:51 logs\n-rwxrwxrwx 1 root root  778 Sep 16 23:50 prompt.txt\n-rwxrwxrwx 1 root root 4008 Sep 16 23:52 stderr.log\n-rwxrwxrwx 1 root root  169 Sep 16 23:52 transcript.jsonl\n", "stderr": "", "exit_code": 0}, "error": null}
2026-09-16T23:52:32.481+00:00 tool_result canonical tool outcome {"tool_name": "shell_exec", "outcome": "success", "success": true, "status": "success", "reason": "", "failure_class": "", "error": "", "phase": "execute", "source": "model", "duration_ms": 226.493, "requested_tool_name": ""}
2026-09-16T23:55:53.464+00:00 dispatch_start tool dispatch started {"tool_name": "file_write", "phase": "repair", "arguments": {"path": "server.py", "content_sha256": "1a113e9468976dc15a20072cef553862b8c12bc2414e3d8af2ab33e02f5853e9", "content_chars": 3149, "content_bytes": 3149, "content_preview": "\"\"\"Rate-limited API server using only the Python standard library.\"\"\"\n\nimport time\nfrom collections import defaultdict, deque\nfrom http.server import BaseHTTPRe", "content_truncated": true}, "requested_tool_name": null}
2026-09-16T23:55:53.503+00:00 dispatch_spec tool metadata {"tool_name": "file_write", "category": "filesystem", "risk": "high", "phase": "repair"}
2026-09-16T23:55:53.585+00:00 dispatch_complete tool dispatch finished {"tool_name": "file_write", "success": true, "tier": "tier1", "output": "written", "error": null}
2026-09-16T23:55:53.627+00:00 tool_result canonical tool outcome {"tool_name": "file_write", "outcome": "success", "success": true, "status": "success", "reason": "", "failure_class": "", "error": "", "phase": "repair", "source": "model", "duration_ms": 163.712, "requested_tool_name": ""}
2026-09-16T23:57:31.561+00:00 dispatch_start tool dispatch started {"tool_name": "file_read", "phase": "repair", "arguments": {"path": "server.py"}, "requested_tool_name": null}
2026-09-16T23:57:31.601+00:00 dispatch_spec tool metadata {"tool_name": "file_read", "category": "filesystem", "risk": "low", "phase": "repair"}
2026-09-16T23:57:31.644+00:00 dispatch_complete tool dispatch finished {"tool_name": "file_read", "success": true, "tier": "tier1", "output": "\"\"\"Rate-limited API server using only the Python standard library.\"\"\"\n\nimport time\nfrom collections import defaultdict, deque\nfrom http.server import BaseHTTPRequestHandler, HTTPServer\nfrom urllib....", "error": null}
2026-09-16T23:57:31.681+00:00 tool_result canonical tool outcome {"tool_name": "file_read", "outcome": "success", "success": true, "status": "success", "reason": "", "failure_class": "", "error": "", "phase": "repair", "source": "model", "duration_ms": 120.307, "requested_tool_name": ""}
2026-09-17T00:01:13.320+00:00 dispatch_start tool dispatch started {"tool_name": "artifact_read", "phase": "repair", "arguments": {"artifact_id": "A0003", "end_line": 103, "start_line": 1}, "requested_tool_name": null}
2026-09-17T00:01:13.362+00:00 dispatch_spec tool metadata {"tool_name": "artifact_read", "category": "data", "risk": "low", "phase": "repair"}
2026-09-17T00:01:13.403+00:00 dispatch_complete tool dispatch finished {"tool_name": "artifact_read", "success": true, "tier": "tier1", "output": "\"\"\"Rate-limited API server using only the Python standard library.\"\"\"\n\nimport time\nfrom collections import defaultdict, deque\nfrom http.server import BaseHTTPRequestHandler, HTTPServer\nfrom urllib....", "error": null}
2026-09-17T00:01:13.442+00:00 tool_result canonical tool outcome {"tool_name": "artifact_read", "outcome": "success", "success": true, "status": "success", "reason": "", "failure_class": "", "error": "", "phase": "repair", "source": "model", "duration_ms": 122.53, "requested_tool_name": "", "artifact_id": "A0003"}
2026-09-17T00:13:17.651+00:00 dispatch_start tool dispatch started {"tool_name": "file_write", "phase": "repair", "arguments": {"path": "throttle.ts", "content_sha256": "9a221eeefe5e13ac9b06f6f6f4cb6f7558b7619c83524809f95d6dede0349698", "content_chars": 1659, "content_bytes": 1659, "content_preview": "import { pathToFileURL } from 'node:url';\nimport assert from 'node:assert';\n\n/**\n * throttle(fn, maxPerWindow, windowMs)\n *\n * Returns a wrapper that calls `fn`", "content_truncated": true}, "requested_tool_name": null}
2026-09-17T00:13:17.689+00:00 dispatch_spec tool metadata {"tool_name": "file_write", "category": "filesystem", "risk": "high", "phase": "repair"}
2026-09-17T00:13:17.838+00:00 dispatch_complete tool dispatch finished {"tool_name": "file_write", "success": true, "tier": "tier1", "output": "written", "error": null}
2026-09-17T00:13:17.878+00:00 tool_result canonical tool outcome {"tool_name": "file_write", "outcome": "success", "success": true, "status": "success", "reason": "", "failure_class": "", "error": "", "phase": "repair", "source": "model", "duration_ms": 227.45, "requested_tool_name": ""}
