12:13:35 0
12:13:41 48
12:13:46 48
12:13:51 2673
12:13:56 2410
12:14:02 2410
12:14:07 2410
12:14:12 48
12:14:17 1389
12:14:22 1734
12:14:27 1471
12:14:32 1471
12:14:38 1471
12:14:43 48
12:14:48 48
12:14:53 3150
12:14:58 2856
12:15:03 2858
12:15:09 2858
12:15:14 0
12:15:19 48
12:15:24 48
12:15:29 0
12:15:35 3835
12:15:40 3835
12:15:45 3574
12:15:50 3574
12:15:55 3574
12:16:00 3574
12:16:05 48
12:16:11 48
12:16:16 3265
12:16:21 3716
12:16:26 3716
12:16:31 3373
12:16:36 3373
12:16:41 3373
12:16:47 3373
12:16:52 3373
12:16:57 48
12:17:02 48
12:17:07 3074
12:17:12 3636
12:17:17 3636
12:17:23 3636
12:17:28 3207
12:17:33 3207
12:17:38 3207
12:17:43 3207
12:17:48 3207
12:17:54 3207
12:17:59 3207
12:18:04 3207
12:18:09 48
12:18:14 3344
12:18:19 3636
12:18:24 3636
12:18:30 3636
12:18:35 3636
12:18:40 3900
12:18:45 3900
12:18:50 3900
12:18:55 3900
12:19:00 3900
12:19:06 3900
12:19:11 3900
12:19:16 3900
12:19:21 3900
12:19:26 3900
12:19:31 3900
12:19:36 3900
12:19:42 3900
12:19:47 3207
12:19:52 3207
12:19:57 3207
12:20:02 3207
12:20:07 3207
12:20:12 3207
12:20:18 3207
12:20:23 3207
12:20:28 48
12:20:33 3484
12:20:38 3716
12:20:43 3716
12:20:49 3824
12:20:54 3824
12:20:59 3824
12:21:04 3824
12:21:09 3824
12:21:14 3824
12:21:19 3824
12:21:25 3824
12:21:30 3373
12:21:35 3373
12:21:40 3373
12:21:45 3373
12:21:50 3373
12:21:55 48
12:22:01 3665
12:22:06 3835
12:22:11 3955
12:22:16 3955
12:22:21 3955
12:22:26 3955
12:22:32 3955
12:22:37 3955
12:22:42 3955
12:22:47 3574
12:22:52 3574
12:22:57 3574
12:23:02 3574
12:23:08 48
12:23:13 2918
12:23:18 2918
12:23:23 53
12:23:28 53
12:23:33 538
12:23:39 53
12:23:44 53
12:23:49 2328
12:23:54 2328
12:23:59 2328
12:24:04 2328
12:24:10 2328
12:24:15 2328
12:24:20 2757
12:24:25 2757
12:24:30 2688
12:24:35 2688
12:24:40 1389
12:24:46 1389
12:24:51 1818
12:24:56 1818
12:25:01 1749
12:25:06 1749
12:25:11 3496
12:25:16 3995
12:25:22 3995
12:25:27 3995
12:25:32 3884
12:25:37 3884
12:25:42 3884
12:25:47 3842
12:25:52 3842
12:25:58 3842
12:26:03 3842
12:26:08 3722
12:26:13 3722
12:26:18 3722
12:26:23 3722
12:26:28 3988
12:26:34 3988
12:26:39 3988
12:26:44 3988
12:26:49 3988
12:26:54 3988
12:26:59 3988
12:27:04 3807
12:27:10 3807
12:27:15 3807
12:27:20 3807
12:27:25 3807
12:27:30 0
12:27:35 0
12:27:41 0
12:27:46 0
12:27:51 0
12:27:57 0
12:28:02 0
12:28:08 0
12:28:13 0
12:28:18 0
12:28:24 0
12:28:29 0
12:28:35 0
12:28:40 0
12:28:46 0
12:28:51 0
12:28:57 0
12:29:02 0
12:29:08 0
12:29:13 0
12:29:18 0
12:29:24 0
12:29:29 0
12:29:35 0
12:29:40 0
12:29:46 0
12:29:51 0
12:29:57 0
12:30:02 0
12:30:08 0
12:30:13 0
12:30:19 0
12:30:24 0
12:30:30 0
12:30:35 0
12:30:40 0
12:30:46 0
12:30:51 0
12:30:57 0
12:31:02 0
12:31:07 0
12:31:13 0
12:31:18 0
12:31:24 0
12:31:29 0
12:31:34 0
12:31:40 0
12:31:45 0
12:31:50 0
12:31:56 0
12:32:01 0
12:32:07 0
12:32:12 0
12:32:17 0
12:32:23 0
12:32:28 0
12:32:34 0
12:32:39 0
12:32:44 0
12:32:50 0
12:32:55 0
12:33:00 0
12:33:06 0
12:33:11 0
12:33:17 0
12:33:22 0
12:33:27 0
12:33:33 0
12:33:38 0
12:33:44 0
12:33:49 0
12:33:54 0
12:34:00 0
12:34:05 0
12:34:10 0
12:34:16 0
12:34:21 0
12:34:27 0
12:34:32 0
12:34:37 0
12:34:43 0
12:34:48 0
12:34:53 0
12:34:59 0
12:35:04 0
12:35:10 0
12:35:15 0
12:35:20 0
12:35:26 0
12:35:31 0
12:35:36 0
12:35:42 0
12:35:47 0
12:35:53 0
12:35:58 0
12:36:03 0
12:36:09 0
12:36:14 0
12:36:20 0
12:36:25 0
12:36:30 0
12:36:36 0
12:36:41 0
12:36:47 0
12:36:52 0
12:36:57 0
12:37:03 0
12:37:08 0
12:37:13 0
12:37:19 0
12:37:24 0
12:37:30 0
12:37:35 0
12:37:40 0
12:37:46 0
12:37:51 0
12:37:57 0
12:38:02 0
12:38:07 0
12:38:13 0
12:38:18 0
12:38:24 0
12:38:29 0
12:38:34 0
12:38:40 0
12:38:45 0
12:38:50 0
12:38:56 0
12:39:01 0
12:39:07 0
12:39:12 0
12:39:17 0
12:39:23 0
12:39:28 0
12:39:34 0
12:39:39 0
12:39:44 0
12:39:50 0
12:39:55 0
12:40:01 0
12:40:06 0
12:40:11 0
12:40:17 0
12:40:22 0
12:40:27 0
12:40:33 0
12:40:38 0
12:40:44 0
12:40:49 0
12:40:54 0
12:41:00 0
12:41:05 0
12:41:10 0
12:41:16 0
12:41:21 0
12:41:27 0
12:41:32 0
12:41:37 0
12:41:43 0
12:41:48 0
12:41:54 0
12:41:59 0
12:42:04 0
12:42:10 0
12:42:15 0
12:42:20 0
12:42:26 0
12:42:31 0
12:42:37 0
12:42:42 0
12:42:47 0
12:42:53 0
12:42:58 0
12:43:04 0
12:43:09 0
12:43:14 0
12:43:20 0
12:43:25 0
12:43:31 0
12:43:36 0
12:43:41 0
12:43:47 0
12:43:52 0
12:43:57 0
12:44:03 0
12:44:08 0
12:44:14 0
12:44:19 0
12:44:24 0
12:44:30 0
12:44:35 0
12:44:40 0
12:44:46 0
12:44:51 0
12:44:57 0
12:45:02 0
12:45:07 0
12:45:13 0
12:45:18 0
12:45:24 0
12:45:29 0
12:45:34 0
12:45:40 0
12:45:45 0
12:45:51 0
12:45:56 0
12:46:01 0
12:46:07 0
12:46:12 0
12:46:17 0
12:46:23 0
12:46:28 0
12:46:34 0
12:46:39 0
12:46:44 0
12:46:50 0
12:46:55 0
12:47:01 0
12:47:06 0
12:47:11 0
12:47:17 0
12:47:22 0
12:47:27 0
12:47:33 0
12:47:38 0
12:47:44 0
12:47:49 0
12:47:54 0
12:48:00 0
12:48:05 0
12:48:11 0
12:48:16 0
12:48:21 0
12:48:27 0
12:48:32 0
12:48:38 0
12:48:43 0
12:48:48 0
12:48:54 0
12:48:59 0
12:49:04 0
12:49:10 3756
12:49:15 4027
12:49:20 4319
12:49:25 4319
12:49:30 4319
12:49:36 4583
12:49:41 4583
12:49:46 4583
12:49:51 4583
12:49:56 4583
12:50:01 4583
12:50:06 4583
12:50:12 4583
12:50:17 4583
12:50:22 4583
12:50:27 4583
12:50:32 4583
12:50:37 4583
12:50:42 4583
12:50:48 3890
12:50:53 3890
12:50:58 3890
12:51:03 3890
12:51:08 3890
12:51:13 3890
12:51:18 3890
