2026-09-16T23:21:52.904+00:00 model_call_start graph node started {"node": "model_call", "timeout_sec": 600.0}
2026-09-16T23:23:39.781+00:00 model_thinking thinking output complete {"thinking_text": "Let me analyze this task. I need to:\n\n1. Find the bug in the TypeScript `debounce.ts` module\n2. Write the corrected version to `debounce.ts`\n3. Add a self-test that runs when the file is executed d..."}
2026-09-16T23:23:39.870+00:00 model_call_end graph node completed {"node": "model_call", "elapsed_sec": 106.974}
2026-09-16T23:23:42.871+00:00 model_call_start graph node started {"node": "model_call", "timeout_sec": 600.0}
2026-09-16T23:26:16.884+00:00 model_output assistant output complete {"assistant_text": "I can see the file doesn't exist yet, so I need to create it. Let me first analyze the bug.\n\n**Bug analysis:**\n\nThe original code has a critical bug: when a new call arrives while a timer is still ..."}
2026-09-16T23:26:17.013+00:00 model_thinking thinking output complete {"thinking_text": "Let me analyze the bug in the debounce.ts module.\n\nThe original code:\n```typescript\nexport function debounce(fn: (...args: any[]) => void, waitMs: number) {\n    let timer: ReturnType<typeof setTime..."}
2026-09-16T23:26:17.104+00:00 model_call_end graph node completed {"node": "model_call", "elapsed_sec": 154.239}
2026-09-16T23:26:19.727+00:00 model_call_start graph node started {"node": "model_call", "timeout_sec": 600.0}
2026-09-16T23:28:29.139+00:00 model_output assistant output complete {"assistant_text": "I need to verify the file was actually written with correct content, since my previous file_write call used an unusual parameter format. Let me read it back to confirm:"}
2026-09-16T23:28:29.260+00:00 model_thinking thinking output complete {"thinking_text": "I need to write the corrected debounce.ts file. The previous file_write call used an unusual format (with content_sha256 etc.), but it succeeded. However, I need to make sure the file actually cont..."}
2026-09-16T23:28:29.359+00:00 model_call_end graph node completed {"node": "model_call", "elapsed_sec": 129.637}
2026-09-16T23:28:31.740+00:00 model_call_start graph node started {"node": "model_call", "timeout_sec": 600.0}
2026-09-16T23:30:13.021+00:00 model_output assistant output complete {"assistant_text": "The file has been written correctly with the bug fix and self-test. Now let me verify by running it with Node:"}
2026-09-16T23:30:13.149+00:00 model_thinking thinking output complete {"thinking_text": "The file has been written correctly. The content shows:\n\n1. The bug fix: `clearTimeout(timer)` is called when a new call arrives, cancelling the pending timer instead of just returning early.\n2. Th..."}
2026-09-16T23:30:13.250+00:00 model_call_end graph node completed {"node": "model_call", "elapsed_sec": 101.508}
2026-09-16T23:30:18.070+00:00 model_call_start graph node started {"node": "model_call", "timeout_sec": 600.0}
2026-09-16T23:32:30.051+00:00 model_output assistant output complete {"assistant_text": "The verification succeeded. Let me confirm the final state of the file and provide the summary."}
2026-09-16T23:32:30.175+00:00 model_thinking thinking output complete {"thinking_text": "The evidence shows a conflicting note about a previous verifier failure, but my actual `node debounce.ts` run just succeeded with \"all tests passed\" and exit code 0. The historical note about a FAI..."}
2026-09-16T23:32:30.282+00:00 model_call_end graph node completed {"node": "model_call", "elapsed_sec": 132.22}
2026-09-16T23:32:32.860+00:00 model_call_start graph node started {"node": "model_call", "timeout_sec": 600.0}
2026-09-16T23:34:09.530+00:00 model_output assistant output complete {"assistant_text": "The verifier note mentions a historical failure, but my own run of `node debounce.ts` succeeded with \"all tests passed\" and exit code 0. Since the file content is confirmed correct, let me re-run t..."}
2026-09-16T23:34:09.656+00:00 model_thinking thinking output complete {"thinking_text": "The verifier note says there's a FAILURE for `node debounce.ts`, but my own run of `node debounce.ts` succeeded and printed \"all tests passed\" with exit code 0. The historical note may be from an e..."}
2026-09-16T23:34:09.756+00:00 model_call_end graph node completed {"node": "model_call", "elapsed_sec": 96.902}
2026-09-16T23:34:12.681+00:00 model_call_start graph node started {"node": "model_call", "timeout_sec": 600.0}
2026-09-16T23:35:57.353+00:00 model_output assistant output complete {"assistant_text": "My run of `node debounce.ts` passed with \"all tests passed\" and exit code 0. The historical verifier records showing \"FAILURE\" are stale and were explicitly marked as not to be followed.\n\nThe task ..."}
2026-09-16T23:35:57.476+00:00 model_thinking thinking output complete {"thinking_text": "The previous verifier records show \"FAILURE\" for `node debounce.ts`, but my actual run just now showed \"all tests passed\" with exit code 0. The task instructions say to verify with `node debounce.t..."}
2026-09-16T23:35:57.586+00:00 model_call_end graph node completed {"node": "model_call", "elapsed_sec": 104.903}
2026-09-16T23:36:00.668+00:00 model_call_start graph node started {"node": "model_call", "timeout_sec": 600.0}
2026-09-16T23:37:42.298+00:00 model_output assistant output complete {"assistant_text": "The verification passed \u2014 `node debounce.ts` printed \"all tests passed\" with exit code 0. Let me also verify that the module works when imported by another file (as the task notes the module is als..."}
2026-09-16T23:37:42.428+00:00 model_thinking thinking output complete {"thinking_text": "The task is complete. The file has been written correctly, the self-test runs and passes, and the output shows \"all tests passed\" with exit code 0. Let me also verify that the file would work when ..."}
2026-09-16T23:37:42.531+00:00 model_call_end graph node completed {"node": "model_call", "elapsed_sec": 101.865}
2026-09-16T23:37:45.270+00:00 model_call_start graph node started {"node": "model_call", "timeout_sec": 600.0}
2026-09-16T23:39:33.643+00:00 model_output assistant output complete {"assistant_text": "The file runs successfully. The task also mentions the module is imported by a separate file. Let me verify that importing it works correctly as well, since that's also how it will be checked:"}
2026-09-16T23:39:33.799+00:00 model_thinking thinking output complete {"thinking_text": "The file has been written and verified. The `node debounce.ts` command ran successfully and printed \"all tests passed\" with exit code 0.\n\nLet me also verify that the module works when imported by a..."}
2026-09-16T23:39:33.929+00:00 model_call_end graph node completed {"node": "model_call", "elapsed_sec": 108.65}
2026-09-16T23:39:37.100+00:00 model_call_start graph node started {"node": "model_call", "timeout_sec": 600.0}
2026-09-16T23:42:18.220+00:00 model_output assistant output complete {"assistant_text": "The task is complete. Here's a summary of what was done:\n\n## Bug Analysis\n\nThe original `debounce.ts` had a critical bug: when a new call arrived while a `setTimeout` was still pending, the functio..."}
2026-09-16T23:42:18.346+00:00 model_thinking thinking output complete {"thinking_text": "The task is complete. The file has been written, the self-test passes (prints \"all tests passed\" with exit code 0), and the verification with `node debounce.ts` succeeded.\n\nLet me summarize what wa..."}
2026-09-16T23:42:18.451+00:00 model_call_end graph node completed {"node": "model_call", "elapsed_sec": 161.358}
2026-09-16T23:42:20.145+00:00 model_call_start graph node started {"node": "model_call", "timeout_sec": 600.0}
2026-09-16T23:44:46.516+00:00 model_output assistant output complete {"assistant_text": "The task is complete. The corrected `debounce.ts` file has been written and verified successfully.\n\n**What was wrong in the original code:**\n\nThe original implementation had a critical bug: when a ..."}
2026-09-16T23:44:46.641+00:00 model_thinking thinking output complete {"thinking_text": "The file is correctly written and `node debounce.ts` runs successfully, printing \"all tests passed\" with exit code 0. The task is complete.\n\nLet me verify the requirements are all met:\n1. \u2705 Found t..."}
2026-09-16T23:44:46.750+00:00 model_call_end graph node completed {"node": "model_call", "elapsed_sec": 146.611}
2026-09-16T23:44:48.643+00:00 model_call_start graph node started {"node": "model_call", "timeout_sec": 600.0}
2026-09-16T23:46:38.375+00:00 model_thinking thinking output complete {"thinking_text": "The task is complete. I have:\n\n1. Identified the bug in the debounce.ts module: when a new call arrives while a timer is still pending, the original code did `return` early without cancelling the p..."}
2026-09-16T23:46:38.484+00:00 model_call_end graph node completed {"node": "model_call", "elapsed_sec": 109.856}
2026-09-16T23:46:41.373+00:00 model_call_start graph node started {"node": "model_call", "timeout_sec": 600.0}
2026-09-16T23:48:26.532+00:00 model_thinking thinking output complete {"thinking_text": "The user is asking me to call `task_complete` since I am finished. The task was to find the bug in the TypeScript debounce module, provide the corrected version, save it to debounce.ts, and verify ..."}
2026-09-16T23:48:26.643+00:00 model_call_end graph node completed {"node": "model_call", "elapsed_sec": 105.272}
2026-09-16T23:48:29.763+00:00 model_call_start graph node started {"node": "model_call", "timeout_sec": 600.0}
2026-09-16T23:50:54.035+00:00 model_output assistant output complete {"assistant_text": "The task has been completed and verified. The corrected `debounce.ts` file is saved, contains the bug fix, includes a self-test that prints \"all tests passed\", and has been successfully verified wi..."}
2026-09-16T23:50:54.165+00:00 model_thinking thinking output complete {"thinking_text": "The user is asking me to complete the task. Looking at the context, I've already:\n\n1. Written the corrected `debounce.ts` file with the bug fix and self-test\n2. Verified it works by running `node d..."}
2026-09-16T23:50:54.271+00:00 model_call_end graph node completed {"node": "model_call", "elapsed_sec": 144.514}
