2026-09-16T20:35:07.903+00:00 model_call_start graph node started {"node": "model_call", "timeout_sec": 600.0}
2026-09-16T20:38:19.453+00:00 model_output assistant output complete {"assistant_text": "Let me analyze the bug in the debounce module first."}
2026-09-16T20:38:19.595+00:00 model_thinking thinking output complete {"thinking_text": "Let me analyze the bug in the debounce module first.\n\nThe current implementation:\n```typescript\nexport function debounce(fn: (...args: any[]) => void, waitMs: number) {\n    let timer: ReturnType<ty..."}
2026-09-16T20:38:19.700+00:00 model_call_end graph node completed {"node": "model_call", "elapsed_sec": 191.799}
2026-09-16T20:38:21.044+00:00 model_call_start graph node started {"node": "model_call", "timeout_sec": 600.0}
2026-09-16T20:40:31.497+00:00 model_output assistant output complete {"assistant_text": "I'll analyze the bug first, then create the corrected file.\n\nThe bug is in the debounce function:\n- When a new call arrives while a timeout is pending, the code checks `if (timer !== null)` and ret..."}
2026-09-16T20:40:31.617+00:00 model_thinking thinking output complete {"thinking_text": "The bug is clear: In the debounce function, when a new call arrives before the timeout completes, the code checks `if (timer !== null)` and returns early, but it never actually cancels the pending ..."}
2026-09-16T20:40:31.705+00:00 model_call_end graph node completed {"node": "model_call", "elapsed_sec": 130.666}
2026-09-16T20:40:34.251+00:00 model_call_start graph node started {"node": "model_call", "timeout_sec": 600.0}
2026-09-16T20:42:32.356+00:00 model_thinking thinking output complete {"thinking_text": "Let me create the corrected debounce.ts file. The bug is that when a new call arrives, the function returns early without cancelling the pending timeout. The pending timeout will still fire later, ..."}
2026-09-16T20:42:32.455+00:00 model_call_end graph node completed {"node": "model_call", "elapsed_sec": 118.205}
2026-09-16T20:42:35.301+00:00 model_call_start graph node started {"node": "model_call", "timeout_sec": 600.0}
2026-09-16T20:44:08.299+00:00 model_thinking thinking output complete {"thinking_text": "The file was written but I need to verify its content and then fix the bug. Let me read the file first to see what was actually written."}
2026-09-16T20:44:08.392+00:00 model_call_end graph node completed {"node": "model_call", "elapsed_sec": 93.099}
2026-09-16T20:44:10.714+00:00 model_call_start graph node started {"node": "model_call", "timeout_sec": 600.0}
2026-09-16T20:45:47.243+00:00 model_output assistant output complete {"assistant_text": "The file has been created. Let me verify the content and run the self-test."}
2026-09-16T20:45:47.368+00:00 model_thinking thinking output complete {"thinking_text": "The file has been written. Let me verify its content is correct and then run the self-test."}
2026-09-16T20:45:47.463+00:00 model_call_end graph node completed {"node": "model_call", "elapsed_sec": 96.76}
2026-09-16T20:45:51.778+00:00 model_call_start graph node started {"node": "model_call", "timeout_sec": 600.0}
2026-09-16T20:47:27.432+00:00 model_thinking thinking output complete {"thinking_text": "Let me read the full file to verify it's correct."}
2026-09-16T20:47:27.530+00:00 model_call_end graph node completed {"node": "model_call", "elapsed_sec": 95.765}
2026-09-16T20:47:30.218+00:00 model_call_start graph node started {"node": "model_call", "timeout_sec": 600.0}
2026-09-16T20:49:03.882+00:00 model_thinking thinking output complete {"thinking_text": "The file has been written. Let me read the full content to verify it's correct and then run the self-test."}
2026-09-16T20:49:04.004+00:00 model_call_end graph node completed {"node": "model_call", "elapsed_sec": 93.789}
2026-09-16T20:49:06.809+00:00 model_call_start graph node started {"node": "model_call", "timeout_sec": 600.0}
2026-09-16T20:50:41.318+00:00 model_thinking thinking output complete {"thinking_text": "The file seems to have been written. Let me read the full content to verify it's correct and complete. I'll use file_read to get the full content."}
2026-09-16T20:50:41.420+00:00 model_call_end graph node completed {"node": "model_call", "elapsed_sec": 94.615}
2026-09-16T20:50:44.491+00:00 model_call_start graph node started {"node": "model_call", "timeout_sec": 600.0}
2026-09-16T20:52:38.338+00:00 model_thinking thinking output complete {"thinking_text": "Let me understand the current state:\n\n1. The file `debounce.ts` exists with content that seems to have the corrected version (based on the artifact excerpt showing clearTimeout).\n2. However, the se..."}
2026-09-16T20:52:38.446+00:00 model_call_end graph node completed {"node": "model_call", "elapsed_sec": 113.977}
2026-09-16T20:52:41.802+00:00 model_call_start graph node started {"node": "model_call", "timeout_sec": 600.0}
2026-09-16T20:56:43.837+00:00 model_output assistant output complete {"assistant_text": "Let me analyze the current state:"}
2026-09-16T20:56:43.981+00:00 model_thinking thinking output complete {"thinking_text": "Let me analyze the current state:\n\n1. The original buggy code was:\n```typescript\nexport function debounce(fn: (...args: any[]) => void, waitMs: number) {\n    let timer: ReturnType<typeof setTimeout..."}
2026-09-16T20:56:44.106+00:00 model_call_end graph node completed {"node": "model_call", "elapsed_sec": 242.335}
2026-09-16T20:56:46.286+00:00 model_call_start graph node started {"node": "model_call", "timeout_sec": 600.0}
