2026-09-17T00:20:25.789+00:00 model_call_start graph node started {"node": "model_call", "timeout_sec": 600.0}
2026-09-17T00:22:27.984+00:00 model_output assistant output complete {"assistant_text": "I'll analyze the Python HTTP server code, identify the bugs, fix them, and verify the solution.\n\nLet me start by examining the current workspace."}
2026-09-17T00:22:28.098+00:00 model_thinking thinking output complete {"thinking_text": "Let me analyze the task. I need to:\n1. Find the bug(s) in the Python HTTP server\n2. Explain each bug briefly\n3. Write the fixed version to server.py\n4. Verify by running the server, curling /api/bo..."}
2026-09-17T00:22:28.186+00:00 model_call_end graph node completed {"node": "model_call", "elapsed_sec": 122.404}
2026-09-17T00:22:30.573+00:00 model_call_start graph node started {"node": "model_call", "timeout_sec": 600.0}
2026-09-17T00:25:32.170+00:00 model_output assistant output complete {"assistant_text": "I've reviewed the code. Let me identify the bugs and write the fixed version.\n\n**Bugs identified:**\n\n1. **`self.path` includes query string**: In `http.server`, `self.path` includes the query strin..."}
2026-09-17T00:25:32.301+00:00 model_thinking thinking output complete {"thinking_text": "Let me analyze the Python HTTP server code and identify the bugs.\n\nThe code is:\n\n```python\nimport json\nfrom http.server import HTTPServer, BaseHTTPRequestHandler\n\nBOOKS = [\n    {\"id\": 1, \"title\": \"..."}
2026-09-17T00:25:32.390+00:00 model_call_end graph node completed {"node": "model_call", "elapsed_sec": 181.826}
2026-09-17T00:25:34.958+00:00 model_call_start graph node started {"node": "model_call", "timeout_sec": 600.0}
2026-09-17T00:27:15.241+00:00 model_output assistant output complete {"assistant_text": "The file was written. Let me verify its contents to ensure correctness:"}
2026-09-17T00:27:15.364+00:00 model_thinking thinking output complete {"thinking_text": "The file was written. Now let me verify it by reading it back to confirm the content is correct, then run the server and test it with curl."}
2026-09-17T00:27:15.458+00:00 model_call_end graph node completed {"node": "model_call", "elapsed_sec": 100.503}
2026-09-17T00:27:17.858+00:00 model_call_start graph node started {"node": "model_call", "timeout_sec": 600.0}
2026-09-17T00:29:07.031+00:00 model_output assistant output complete {"assistant_text": "The fixed `server.py` looks correct. Now let me verify it works. First, I'll check if port 8000 is in use, then start the server in the background."}
2026-09-17T00:29:07.157+00:00 model_thinking thinking output complete {"thinking_text": "The file looks correct. Now I need to verify the server works by running it, curl the endpoints, and then stop the server.\n\nLet me first check if the server is already running or if there's a port ..."}
2026-09-17T00:29:07.255+00:00 model_call_end graph node completed {"node": "model_call", "elapsed_sec": 109.398}
2026-09-17T00:29:10.365+00:00 model_call_start graph node started {"node": "model_call", "timeout_sec": 600.0}
2026-09-17T00:30:54.572+00:00 model_output assistant output complete {"assistant_text": "Port 8000 is free. Now let me start the server in the background and capture its output."}
2026-09-17T00:30:54.725+00:00 model_thinking thinking output complete {"thinking_text": "Port 8000 is free. Now I need to start the server in the background, curl the endpoints, verify, and stop the server. Let me start the server."}
2026-09-17T00:30:54.833+00:00 model_call_end graph node completed {"node": "model_call", "elapsed_sec": 104.473}
2026-09-17T00:30:57.936+00:00 model_call_start graph node started {"node": "model_call", "timeout_sec": 600.0}
2026-09-17T00:32:40.611+00:00 model_output assistant output complete {"assistant_text": "The server started with PID 12. Now let me verify it works by curling the endpoint."}
2026-09-17T00:32:40.739+00:00 model_thinking thinking output complete {"thinking_text": "The server started with PID 12. Now let me verify it works by running curl against /api/books."}
2026-09-17T00:32:40.841+00:00 model_call_end graph node completed {"node": "model_call", "elapsed_sec": 102.905}
2026-09-17T00:32:44.277+00:00 model_call_start graph node started {"node": "model_call", "timeout_sec": 600.0}
2026-09-17T00:34:32.275+00:00 model_output assistant output complete {"assistant_text": "The server is running with PID 12. Now let me verify the endpoint with curl, testing both the main endpoint and a query string scenario to confirm the bug fix."}
2026-09-17T00:34:32.433+00:00 model_thinking thinking output complete {"thinking_text": "The retrieved knowledge base shows that there were some previous attempts where the verifier verdict was marked as FAILURE. However, I'm now at a new task with a fresh start. Let me focus on verify..."}
2026-09-17T00:34:32.530+00:00 model_call_end graph node completed {"node": "model_call", "elapsed_sec": 108.255}
2026-09-17T00:34:35.415+00:00 model_call_start graph node started {"node": "model_call", "timeout_sec": 600.0}
2026-09-17T00:36:20.388+00:00 model_output assistant output complete {"assistant_text": "The server is running with PID 12. Now let me verify it works by curling the endpoint."}
2026-09-17T00:36:20.524+00:00 model_thinking thinking output complete {"thinking_text": "The server was started with PID=12. Now I need to verify it works by curling the endpoint. Let me run the curl command to check /api/books."}
2026-09-17T00:36:20.627+00:00 model_call_end graph node completed {"node": "model_call", "elapsed_sec": 105.213}
2026-09-17T00:36:23.256+00:00 model_call_start graph node started {"node": "model_call", "timeout_sec": 600.0}
2026-09-17T00:38:07.933+00:00 model_output assistant output complete {"assistant_text": "The server is running (PID 12). Now let me verify it works by curling the endpoint."}
2026-09-17T00:38:08.067+00:00 model_thinking thinking output complete {"thinking_text": "The server was started in the background. Now I need to verify it works by curling the endpoint. Let me run the curl command to test /api/books."}
2026-09-17T00:38:08.166+00:00 model_call_end graph node completed {"node": "model_call", "elapsed_sec": 104.916}
