2026-09-17T02:41:45.113+00:00 model_call_start graph node started {"node": "model_call", "timeout_sec": 600.0}
2026-09-17T02:43:34.869+00:00 model_output assistant output complete {"assistant_text": "I'll start by examining the current working directory, then create the two required files."}
2026-09-17T02:43:34.992+00:00 model_thinking thinking output complete {"thinking_text": "Let me start by understanding the task:\n\n1. Create `server.py` - HTTP server using only Python standard library\n   - GET /api/time returns {\"now\": <unix timestamp>}\n   - Per-client rate limit of 5 ..."}
2026-09-17T02:43:35.079+00:00 model_call_end graph node completed {"node": "model_call", "elapsed_sec": 109.971}
2026-09-17T02:43:37.947+00:00 model_call_start graph node started {"node": "model_call", "timeout_sec": 600.0}
2026-09-17T02:48:02.028+00:00 model_output assistant output complete {"assistant_text": "I'll create both files now. Let me write `server.py` and `throttle.ts`."}
2026-09-17T02:48:02.154+00:00 model_thinking thinking output complete {"thinking_text": "The task is clear. I need to create two files:\n1. `server.py` - Python stdlib HTTP server with rate limiting\n2. `throttle.ts` - TypeScript throttle function with self-test\n\nLet me create both files..."}
2026-09-17T02:48:02.248+00:00 model_call_end graph node completed {"node": "model_call", "elapsed_sec": 264.338}
2026-09-17T02:48:05.574+00:00 model_call_start graph node started {"node": "model_call", "timeout_sec": 600.0}
2026-09-17T02:49:32.493+00:00 model_output assistant output complete {"assistant_text": "Both files were written. Let me verify their contents to ensure correctness before running verification."}
2026-09-17T02:49:32.620+00:00 model_thinking thinking output complete {"thinking_text": "The files were written. Let me verify their contents by reading them to ensure they are correct before running verification. Let me read both files."}
2026-09-17T02:49:32.720+00:00 model_call_end graph node completed {"node": "model_call", "elapsed_sec": 87.153}
2026-09-17T02:49:35.646+00:00 model_call_start graph node started {"node": "model_call", "timeout_sec": 600.0}
2026-09-17T02:51:46.085+00:00 model_output assistant output complete {"assistant_text": "Both files look correct. Let me verify the TypeScript logic more carefully and then run the self-test. First, let me run the TypeScript self-test."}
2026-09-17T02:51:46.214+00:00 model_thinking thinking output complete {"thinking_text": "Both files look correct. Let me review:\n\n**server.py:**\n- Uses only Python standard library (json, time, http.server, urllib.parse) \u2713\n- GET /api/time returns {\"now\": <unix timestamp>} \u2713\n- Per-clien..."}
2026-09-17T02:51:46.318+00:00 model_call_end graph node completed {"node": "model_call", "elapsed_sec": 130.678}
2026-09-17T02:51:49.498+00:00 model_call_start graph node started {"node": "model_call", "timeout_sec": 600.0}
2026-09-17T02:53:50.793+00:00 model_output assistant output complete {"assistant_text": "Let me run the TypeScript self-test and verify the full server.py content in parallel."}
2026-09-17T02:53:50.924+00:00 model_thinking thinking output complete {"thinking_text": "Let me analyze the situation. I've created both files:\n\n1. `server.py` - A rate-limited HTTP server using Python standard library\n2. `throttle.ts` - A throttle function with self-test\n\nI need to ve..."}
2026-09-17T02:53:51.029+00:00 model_call_end graph node completed {"node": "model_call", "elapsed_sec": 121.54}
2026-09-17T02:53:56.412+00:00 model_call_start graph node started {"node": "model_call", "timeout_sec": 600.0}
2026-09-17T02:55:29.709+00:00 model_output assistant output complete {"assistant_text": "Both files are in place. Now let me run the TypeScript self-test and verify the server."}
2026-09-17T02:55:29.838+00:00 model_thinking thinking output complete {"thinking_text": "The user wants me to continue with the task. I've already created both files. Now I need to verify them. Let me:\n\n1. Run the TypeScript self-test with `node throttle.ts`\n2. Start the server in the ..."}
2026-09-17T02:55:29.951+00:00 model_call_end graph node completed {"node": "model_call", "elapsed_sec": 93.543}
2026-09-17T02:55:34.671+00:00 model_call_start graph node started {"node": "model_call", "timeout_sec": 600.0}
2026-09-17T02:57:46.921+00:00 model_thinking thinking output complete {"thinking_text": "Let me analyze the failure. The error is:\n\n```\nAssertionError [ERR_ASSERTION]: first three calls should fire\n1 !== 3\nat selfTest (file:///work/throttle.ts:53:10)\n```\n\nSo the self-test expects the f..."}
2026-09-17T02:57:47.036+00:00 model_call_end graph node completed {"node": "model_call", "elapsed_sec": 132.383}
2026-09-17T02:57:49.941+00:00 model_call_start graph node started {"node": "model_call", "timeout_sec": 600.0}
2026-09-17T03:00:47.198+00:00 model_output assistant output complete {"assistant_text": "The failure is clear: `AssertionError: first three calls should fire, 1 !== 3`. The current `throttle.ts` uses a fixed-window logic that only allows 1 call per windowMs, so with `maxPerWindow=3` it..."}
2026-09-17T03:00:47.324+00:00 model_thinking thinking output complete {"thinking_text": "The failure is: `AssertionError: first three calls should fire, 1 !== 3` at `selfTest` in `throttle.ts` around line 53.\n\nLet me look at the current throttle.ts content. The excerpt shows the functi..."}
2026-09-17T03:00:47.441+00:00 model_call_end graph node completed {"node": "model_call", "elapsed_sec": 177.549}
2026-09-17T03:00:50.522+00:00 model_call_start graph node started {"node": "model_call", "timeout_sec": 600.0}
2026-09-17T03:03:09.031+00:00 model_output assistant output complete {"assistant_text": "I'll first read the full `throttle.ts` to see the complete self-test logic, since the failure is in the test."}
2026-09-17T03:03:09.171+00:00 model_thinking thinking output complete {"thinking_text": "Let me analyze the situation. The task is to build a rate-limited API with two files: server.py and throttle.ts. The repair loop stalled on a test failure in throttle.ts \u2014 specifically an assertion..."}
2026-09-17T03:03:09.285+00:00 model_call_end graph node completed {"node": "model_call", "elapsed_sec": 138.776}
2026-09-17T03:03:11.978+00:00 model_call_start graph node started {"node": "model_call", "timeout_sec": 600.0}
2026-09-17T03:05:20.937+00:00 model_thinking thinking output complete {"thinking_text": "The stall is on `node throttle.ts` failing with \"AssertionError [ERR_ASSERTION]: first three calls should fire\" and \"1 !== 3\". This means the self-test in throttle.ts is failing. The issue is in th..."}
2026-09-17T03:05:21.057+00:00 model_call_end graph node completed {"node": "model_call", "elapsed_sec": 129.084}
2026-09-17T03:05:23.899+00:00 model_call_start graph node started {"node": "model_call", "timeout_sec": 600.0}
2026-09-17T03:07:36.883+00:00 model_output assistant output complete {"assistant_text": "The stall is on `throttle.ts` failing with \"first three calls should fire\" (1 !== 3). Let me read the full file to see the self-test and the throttle logic."}
2026-09-17T03:07:37.016+00:00 model_thinking thinking output complete {"thinking_text": "The stall is on `throttle.ts` failing with \"first three calls should fire\" - 1 !== 3. Let me look at the actual file to understand the bug. The excerpt shows the throttle function, but the self-tes..."}
2026-09-17T03:07:37.137+00:00 model_call_end graph node completed {"node": "model_call", "elapsed_sec": 133.247}
2026-09-17T03:07:40.477+00:00 model_call_start graph node started {"node": "model_call", "timeout_sec": 600.0}
2026-09-17T03:09:50.617+00:00 model_thinking thinking output complete {"thinking_text": "The stall is on the throttle.ts self-test. The error was:\n```\nAssertionError [ERR_ASSERTION]: first three calls should fire\n1 !== 3\n```\n\nLooking at the current throttle.ts content (from the excerpt..."}
2026-09-17T03:09:50.741+00:00 model_call_end graph node completed {"node": "model_call", "elapsed_sec": 130.272}
2026-09-17T03:09:54.173+00:00 model_call_start graph node started {"node": "model_call", "timeout_sec": 600.0}
