----------------------------------------
Exception occurred during processing of request from ('127.0.0.1', 49830)
Traceback (most recent call last):
  File "/usr/lib/python3.11/socketserver.py", line 317, in _handle_request_noblock
    self.process_request(request, client_address)
  File "/usr/lib/python3.11/socketserver.py", line 348, in process_request
    self.finish_request(request, client_address)
  File "/usr/lib/python3.11/socketserver.py", line 361, in finish_request
    self.RequestHandlerClass(request, client_address, self)
  File "/usr/lib/python3.11/socketserver.py", line 755, in __init__
    self.handle()
  File "/usr/lib/python3.11/http/server.py", line 432, in handle
    self.handle_one_request()
  File "/usr/lib/python3.11/http/server.py", line 420, in handle_one_request
    method()
  File "/workspace/server.py", line 35, in do_GET
    self.writelines(json.dumps({"average_speed": avg}))
    ^^^^^^^^^^^^^^^
AttributeError: 'AverageSpeedHandler' object has no attribute 'writelines'
----------------------------------------
----------------------------------------
Exception occurred during processing of request from ('127.0.0.1', 49840)
Traceback (most recent call last):
  File "/usr/lib/python3.11/socketserver.py", line 317, in _handle_request_noblock
    self.process_request(request, client_address)
  File "/usr/lib/python3.11/socketserver.py", line 348, in process_request
    self.finish_request(request, client_address)
  File "/usr/lib/python3.11/socketserver.py", line 361, in finish_request
    self.RequestHandlerClass(request, client_address, self)
  File "/usr/lib/python3.11/socketserver.py", line 755, in __init__
    self.handle()
  File "/usr/lib/python3.11/http/server.py", line 432, in handle
    self.handle_one_request()
  File "/usr/lib/python3.11/http/server.py", line 420, in handle_one_request
    method()
  File "/workspace/server.py", line 35, in do_GET
    self.writelines(json.dumps({"average_speed": avg}))
    ^^^^^^^^^^^^^^^
AttributeError: 'AverageSpeedHandler' object has no attribute 'writelines'
----------------------------------------
