2026-09-17T03:11:00.964+00:00 model_call_start graph node started {"node": "model_call", "timeout_sec": 600.0}
2026-09-17T03:13:14.225+00:00 model_thinking thinking output complete {"thinking_text": "Let me analyze the Python HTTP server code for bugs.\n\nThe code:\n```python\nimport json\nfrom http.server import HTTPServer, BaseHTTPRequestHandler\n\nBOOKS = [\n    {\"id\": 1, \"title\": \"Dune\", \"author\": ..."}
2026-09-17T03:13:14.314+00:00 model_call_end graph node completed {"node": "model_call", "elapsed_sec": 133.359}
2026-09-17T03:13:16.973+00:00 model_call_start graph node started {"node": "model_call", "timeout_sec": 600.0}
2026-09-17T03:15:37.348+00:00 model_thinking thinking output complete {"thinking_text": "Let me analyze the task. I need to:\n\n1. Find the bugs in the Python HTTP server\n2. Provide the corrected version\n3. Save it to server.py\n4. Verify by running the server, curling /api/books, confirm..."}
2026-09-17T03:15:37.442+00:00 model_call_end graph node completed {"node": "model_call", "elapsed_sec": 140.475}
2026-09-17T03:15:39.803+00:00 model_call_start graph node started {"node": "model_call", "timeout_sec": 600.0}
2026-09-17T03:17:45.349+00:00 model_output assistant output complete {"assistant_text": "The corrected `server.py` has been written. Now let me verify it works by running the server, curling the endpoint, and checking the result."}
2026-09-17T03:17:45.474+00:00 model_thinking thinking output complete {"thinking_text": "The server.py file has been written and verified. Let me review the fixed version and then run the verification as instructed.\n\nThe fixed version contains the following:\n\n1. **`from urllib.parse im..."}
2026-09-17T03:17:45.567+00:00 model_call_end graph node completed {"node": "model_call", "elapsed_sec": 125.771}
2026-09-17T03:17:48.489+00:00 model_call_start graph node started {"node": "model_call", "timeout_sec": 600.0}
2026-09-17T03:19:34.576+00:00 model_output assistant output complete {"assistant_text": "The server process started (PID=10). Now let me wait briefly for it to bind the port, then curl the endpoint to verify."}
2026-09-17T03:19:34.701+00:00 model_thinking thinking output complete {"thinking_text": "The server was started and PID=10 was captured. Now I need to wait a moment for the server to start, then curl /api/books to verify it works. Let me do that."}
2026-09-17T03:19:34.798+00:00 model_call_end graph node completed {"node": "model_call", "elapsed_sec": 106.315}
2026-09-17T03:19:39.222+00:00 model_call_start graph node started {"node": "model_call", "timeout_sec": 600.0}
2026-09-17T03:21:31.465+00:00 model_output assistant output complete {"assistant_text": "The verification passed \u2014 the server returns HTTP 200 with valid JSON. Now let me stop the server process as required."}
2026-09-17T03:21:31.591+00:00 model_thinking thinking output complete {"thinking_text": "The verification passed. The curl returned:\n- HTTP/1.0 200 OK\n- Correct Content-Type: application/json\n- Content-Length: 110\n- Valid JSON body\n- Status code 200\n\nThe server is working correctly. No..."}
2026-09-17T03:21:31.691+00:00 model_call_end graph node completed {"node": "model_call", "elapsed_sec": 112.467}
2026-09-17T03:21:35.363+00:00 model_call_start graph node started {"node": "model_call", "timeout_sec": 600.0}
2026-09-17T03:24:00.821+00:00 model_thinking thinking output complete {"thinking_text": "Let me analyze the situation carefully.\n\nThe verifier has rejected `task_complete` 3 times. The last evidence shows:\n- E-A0005: `kill 10 2>/dev/null; sleep 0.5; echo \"server stopped\"; curl ...` \u2192 F..."}
2026-09-17T03:24:00.919+00:00 model_call_end graph node completed {"node": "model_call", "elapsed_sec": 145.578}
2026-09-17T03:24:04.465+00:00 model_call_start graph node started {"node": "model_call", "timeout_sec": 600.0}
2026-09-17T03:26:28.812+00:00 model_thinking thinking output complete {"thinking_text": "Let me analyze the situation carefully.\n\nThe task is to:\n1. Find the bug in the Python HTTP server\n2. Provide the corrected version\n3. Save the corrected file to server.py\n4. Verify by running the ..."}
2026-09-17T03:26:28.912+00:00 model_call_end graph node completed {"node": "model_call", "elapsed_sec": 144.454}
2026-09-17T03:26:31.894+00:00 model_call_start graph node started {"node": "model_call", "timeout_sec": 600.0}
2026-09-17T03:29:03.432+00:00 model_output assistant output complete {"assistant_text": "Looking at the verifier loop rejection, I need to understand what happened. The server file is correctly written (verified in the artifact excerpt), and the server started and curl verification pas..."}
2026-09-17T03:29:03.557+00:00 model_thinking thinking output complete {"thinking_text": "Let me analyze the situation carefully.\n\nThe verifier rejected `task_complete` 3 times. The rejection was specifically on a `shell_exec` command that was `kill 10 2>/dev/null; sleep 0.5; echo \"serv..."}
2026-09-17T03:29:03.659+00:00 model_call_end graph node completed {"node": "model_call", "elapsed_sec": 151.776}
2026-09-17T03:29:07.966+00:00 model_call_start graph node started {"node": "model_call", "timeout_sec": 600.0}
2026-09-17T03:31:54.950+00:00 model_output assistant output complete {"assistant_text": "The verifier has blocked `shell_exec` after repeated rejections. Let me analyze the situation:\n\n1. **`server.py` was successfully written** (file_write passed)\n2. **Server started successfully** (s..."}
2026-09-17T03:31:55.073+00:00 model_thinking thinking output complete {"thinking_text": "Let me analyze the situation carefully.\n\nThe verifier has rejected `task_complete` 3 times. The last errors are:\n- E-A0005: `kill 10 2>/dev/null; sleep 0.5; echo \"server stopped\"; curl ...` \u2192 verdi..."}
2026-09-17T03:31:55.173+00:00 model_call_end graph node completed {"node": "model_call", "elapsed_sec": 167.226}
2026-09-17T03:31:59.118+00:00 model_call_start graph node started {"node": "model_call", "timeout_sec": 600.0}
2026-09-17T03:34:27.300+00:00 model_output assistant output complete {"assistant_text": "I need to analyze the verifier loop failure. The issue is that my `kill 10` command verification failed. Let me investigate the current state and fix the verification approach."}
2026-09-17T03:34:27.424+00:00 model_thinking thinking output complete {"thinking_text": "Let me analyze the situation carefully.\n\nThe task is to:\n1. Find the bug in the Python HTTP server\n2. Provide the corrected version\n3. Save the corrected file to server.py\n4. Verify by running the ..."}
2026-09-17T03:34:27.528+00:00 model_call_end graph node completed {"node": "model_call", "elapsed_sec": 148.417}
2026-09-17T03:34:33.518+00:00 model_call_start graph node started {"node": "model_call", "timeout_sec": 600.0}
2026-09-17T03:36:56.002+00:00 model_thinking thinking output complete {"thinking_text": "Let me analyze the situation carefully.\n\nThe task is to:\n1. Find the bug in the Python HTTP server\n2. Provide the corrected version\n3. Save the corrected file to server.py\n4. Verify by running the ..."}
2026-09-17T03:36:56.107+00:00 model_call_end graph node completed {"node": "model_call", "elapsed_sec": 142.6}
2026-09-17T03:36:59.645+00:00 model_call_start graph node started {"node": "model_call", "timeout_sec": 600.0}
2026-09-17T03:39:25.398+00:00 model_output assistant output complete {"assistant_text": "Let me assess the current state. The server.py file (artifact A0002) already contains a corrected version with the key fixes applied. The earlier verification curl returned \"200 OK\". Let me verify ..."}
2026-09-17T03:39:25.526+00:00 model_thinking thinking output complete {"thinking_text": "Let me analyze the situation carefully.\n\nThe task is to find bugs in a Python HTTP server and save the corrected version to server.py, then verify by running the server, curling /api/books, confirm..."}
2026-09-17T03:39:25.631+00:00 model_call_end graph node completed {"node": "model_call", "elapsed_sec": 145.996}
2026-09-17T03:39:31.630+00:00 model_call_start graph node started {"node": "model_call", "timeout_sec": 600.0}
