2026-09-16T23:00:09.481+00:00 dispatch_start tool dispatch started {"tool_name": "file_read", "phase": "execute", "arguments": {"path": "server.py"}, "requested_tool_name": null}
2026-09-16T23:00:09.520+00:00 dispatch_spec tool metadata {"tool_name": "file_read", "category": "filesystem", "risk": "low", "phase": "execute"}
2026-09-16T23:00:09.560+00:00 dispatch_complete tool dispatch finished {"tool_name": "file_read", "success": false, "tier": "tier1", "output": null, "error": "File does not exist: /work/server.py"}
2026-09-16T23:00:09.600+00:00 tool_result canonical tool outcome {"tool_name": "file_read", "outcome": "failure", "success": false, "status": "failure", "reason": "", "failure_class": "tool_error", "error": "File does not exist: /work/server.py", "phase": "execute", "source": "model", "duration_ms": 119.117, "requested_tool_name": ""}
2026-09-16T23:03:08.236+00:00 dispatch_start tool dispatch started {"tool_name": "file_write", "phase": "execute", "arguments": {"path": "/work/server.py", "content_sha256": "98994f00d014b4f3de5864083ea6eef914b50a00aa27fe391dacea7df21815fc", "content_chars": 654, "content_bytes": 654, "content_preview": "import json\nfrom http.server import HTTPServer, BaseHTTPRequestHandler\n\nBOOKS = [\n    {\"id\": 1, \"title\": \"Dune\", \"author\": \"Frank Herbert\"},\n    {\"id\": 2, \"titl", "content_truncated": true}, "requested_tool_name": null}
2026-09-16T23:03:08.280+00:00 dispatch_spec tool metadata {"tool_name": "file_write", "category": "filesystem", "risk": "high", "phase": "execute"}
2026-09-16T23:03:08.431+00:00 dispatch_complete tool dispatch finished {"tool_name": "file_write", "success": true, "tier": "tier1", "output": "written", "error": null}
2026-09-16T23:03:08.475+00:00 tool_result canonical tool outcome {"tool_name": "file_write", "outcome": "success", "success": true, "status": "success", "reason": "", "failure_class": "", "error": "", "phase": "execute", "source": "model", "duration_ms": 239.611, "requested_tool_name": ""}
2026-09-16T23:05:05.924+00:00 dispatch_start tool dispatch started {"tool_name": "file_read", "phase": "execute", "arguments": {"path": "/work/server.py"}, "requested_tool_name": null}
2026-09-16T23:05:05.963+00:00 dispatch_spec tool metadata {"tool_name": "file_read", "category": "filesystem", "risk": "low", "phase": "execute"}
2026-09-16T23:05:06.006+00:00 dispatch_complete tool dispatch finished {"tool_name": "file_read", "success": true, "tier": "tier1", "output": "import json\nfrom http.server import HTTPServer, BaseHTTPRequestHandler\n\nBOOKS = [\n    {\"id\": 1, \"title\": \"Dune\", \"author\": \"Frank Herbert\"},\n    {\"id\": 2, \"title\": \"1984\", \"author\": \"George Orwell\"...", "error": null}
2026-09-16T23:05:06.050+00:00 tool_result canonical tool outcome {"tool_name": "file_read", "outcome": "success", "success": true, "status": "success", "reason": "", "failure_class": "", "error": "", "phase": "execute", "source": "model", "duration_ms": 125.688, "requested_tool_name": ""}
2026-09-16T23:08:45.512+00:00 dispatch_start tool dispatch started {"tool_name": "file_write", "phase": "execute", "arguments": {"path": "/work/server.py", "content_sha256": "a5358b35f59fc452c79c5f4455bc0af68033438da2018ec5594a637314f9dd83", "content_chars": 805, "content_bytes": 805, "content_preview": "import json\nfrom http.server import HTTPServer, BaseHTTPRequestHandler\n\nBOOKS = [\n    {\"id\": 1, \"title\": \"Dune\", \"author\": \"Frank Herbert\"},\n    {\"id\": 2, \"titl", "content_truncated": true}, "requested_tool_name": null}
2026-09-16T23:08:45.553+00:00 dispatch_spec tool metadata {"tool_name": "file_write", "category": "filesystem", "risk": "high", "phase": "execute"}
2026-09-16T23:08:45.680+00:00 dispatch_complete tool dispatch finished {"tool_name": "file_write", "success": true, "tier": "tier1", "output": "written", "error": null}
2026-09-16T23:08:45.721+00:00 tool_result canonical tool outcome {"tool_name": "file_write", "outcome": "success", "success": true, "status": "success", "reason": "", "failure_class": "", "error": "", "phase": "execute", "source": "model", "duration_ms": 208.679, "requested_tool_name": ""}
2026-09-16T23:10:45.805+00:00 dispatch_start tool dispatch started {"tool_name": "file_read", "phase": "execute", "arguments": {"path": "/work/server.py"}, "requested_tool_name": null}
2026-09-16T23:10:45.844+00:00 dispatch_spec tool metadata {"tool_name": "file_read", "category": "filesystem", "risk": "low", "phase": "execute"}
2026-09-16T23:10:45.886+00:00 dispatch_complete tool dispatch finished {"tool_name": "file_read", "success": true, "tier": "tier1", "output": "import json\nfrom http.server import HTTPServer, BaseHTTPRequestHandler\n\nBOOKS = [\n    {\"id\": 1, \"title\": \"Dune\", \"author\": \"Frank Herbert\"},\n    {\"id\": 2, \"title\": \"1984\", \"author\": \"George Orwell\"...", "error": null}
2026-09-16T23:10:45.925+00:00 tool_result canonical tool outcome {"tool_name": "file_read", "outcome": "success", "success": true, "status": "success", "reason": "", "failure_class": "", "error": "", "phase": "execute", "source": "model", "duration_ms": 120.406, "requested_tool_name": ""}
2026-09-16T23:18:49.317+00:00 dispatch_start tool dispatch started {"tool_name": "file_write", "phase": "execute", "arguments": {"path": "/work/server.py", "content_sha256": "7025c5917da9bb8af970e594a1a390f09b7c7b9f68a4ad3f6b64463fd2f8bffc", "content_chars": 737, "content_bytes": 737, "content_preview": "import json\nfrom http.server import HTTPServer, BaseHTTPRequestHandler\n\nBOOKS = [\n    {\"id\": 1, \"title\": \"Dune\", \"author\": \"Frank Herbert\"},\n    {\"id\": 2, \"titl", "content_truncated": true}, "requested_tool_name": null}
2026-09-16T23:18:49.361+00:00 dispatch_spec tool metadata {"tool_name": "file_write", "category": "filesystem", "risk": "high", "phase": "execute"}
2026-09-16T23:18:49.486+00:00 dispatch_complete tool dispatch finished {"tool_name": "file_write", "success": true, "tier": "tier1", "output": "written", "error": null}
2026-09-16T23:18:49.525+00:00 tool_result canonical tool outcome {"tool_name": "file_write", "outcome": "success", "success": true, "status": "success", "reason": "", "failure_class": "", "error": "", "phase": "execute", "source": "model", "duration_ms": 208.304, "requested_tool_name": ""}
2026-09-16T23:20:42.516+00:00 dispatch_start tool dispatch started {"tool_name": "file_read", "phase": "execute", "arguments": {"path": "/work/server.py"}, "requested_tool_name": null}
2026-09-16T23:20:42.557+00:00 dispatch_spec tool metadata {"tool_name": "file_read", "category": "filesystem", "risk": "low", "phase": "execute"}
2026-09-16T23:20:42.599+00:00 dispatch_complete tool dispatch finished {"tool_name": "file_read", "success": true, "tier": "tier1", "output": "import json\nfrom http.server import HTTPServer, BaseHTTPRequestHandler\n\nBOOKS = [\n    {\"id\": 1, \"title\": \"Dune\", \"author\": \"Frank Herbert\"},\n    {\"id\": 2, \"title\": \"1984\", \"author\": \"George Orwell\"...", "error": null}
2026-09-16T23:20:42.639+00:00 tool_result canonical tool outcome {"tool_name": "file_read", "outcome": "success", "success": true, "status": "success", "reason": "", "failure_class": "", "error": "", "phase": "execute", "source": "model", "duration_ms": 123.705, "requested_tool_name": ""}
