2026-09-17T01:53:25.257+00:00 model_call_start graph node started {"node": "model_call", "timeout_sec": 600.0}
2026-09-17T01:55:53.547+00:00 model_output assistant output complete {"assistant_text": "I'll analyze the Python HTTP server for bugs, then fix them and verify.\n\n### Analysis of Bugs\n\nLooking at the code:\n\n1. **Path comparison bug**: `if self.path == \"/api/books\":` - In Python's http.s..."}
2026-09-17T01:55:53.668+00:00 model_thinking thinking output complete {"thinking_text": "Let me analyze the Python HTTP server code for bugs:\n\n1. **Bug 1: Path comparison issue** - The code does `if self.path == \"/api/books\":` but `self.path` includes query strings if any. For example,..."}
2026-09-17T01:55:53.756+00:00 model_call_end graph node completed {"node": "model_call", "elapsed_sec": 148.5}
2026-09-17T01:55:56.123+00:00 model_call_start graph node started {"node": "model_call", "timeout_sec": 600.0}
2026-09-17T01:57:51.606+00:00 model_output assistant output complete {"assistant_text": "Let me check for existing server.py and create the corrected file."}
2026-09-17T01:57:51.729+00:00 model_thinking thinking output complete {"thinking_text": "Let me first check if there's a server.py file in the current directory, and then create the corrected version."}
2026-09-17T01:57:51.821+00:00 model_call_end graph node completed {"node": "model_call", "elapsed_sec": 115.698}
2026-09-17T01:57:54.246+00:00 model_call_start graph node started {"node": "model_call", "timeout_sec": 600.0}
2026-09-17T02:00:35.852+00:00 model_output assistant output complete {"assistant_text": "I'll create the corrected server.py file with fixes for the identified bugs:\n\n1. **Path comparison bug**: `self.path` includes query strings (e.g., `/api/books?format=json`). The comparison should ..."}
2026-09-17T02:00:36.019+00:00 model_thinking thinking output complete {"thinking_text": "The task is to find bugs in the Python HTTP server and provide the corrected version, then save it to server.py. The server.py file doesn't exist yet, so I'll create the corrected version.\n\nThe bug..."}
2026-09-17T02:00:36.121+00:00 model_call_end graph node completed {"node": "model_call", "elapsed_sec": 161.903}
2026-09-17T02:00:38.846+00:00 model_call_start graph node started {"node": "model_call", "timeout_sec": 600.0}
2026-09-17T02:02:37.502+00:00 model_thinking thinking output complete {"thinking_text": "The file_write succeeded but the content was truncated/omitted. I need to read the actual content of server.py to see what was written, then fix it properly. Let me read the file first."}
2026-09-17T02:02:37.609+00:00 model_call_end graph node completed {"node": "model_call", "elapsed_sec": 118.782}
2026-09-17T02:02:40.153+00:00 model_call_start graph node started {"node": "model_call", "timeout_sec": 600.0}
2026-09-17T02:04:54.010+00:00 model_output assistant output complete {"assistant_text": "Now I'll verify the server works by running it, curling the endpoint, and stopping it."}
2026-09-17T02:04:54.128+00:00 model_thinking thinking output complete {"thinking_text": "The file was written correctly with the fixes:\n\n1. Fixed the path comparison bug by using `path = self.path.split('?')[0]` before comparing to \"/api/books\". This handles query strings properly (e.g..."}
2026-09-17T02:04:54.222+00:00 model_call_end graph node completed {"node": "model_call", "elapsed_sec": 134.106}
2026-09-17T02:04:57.261+00:00 model_call_start graph node started {"node": "model_call", "timeout_sec": 600.0}
2026-09-17T02:07:08.435+00:00 model_output assistant output complete {"assistant_text": "I'll run the server, verify it works, then stop it."}
2026-09-17T02:07:08.561+00:00 model_thinking thinking output complete {"thinking_text": "The previous attempt to run the server failed. Let me start fresh by running the server in the background, checking the logs, and verifying with curl.\n\nI'll:\n1. Start the server in the background w..."}
2026-09-17T02:07:08.660+00:00 model_call_end graph node completed {"node": "model_call", "elapsed_sec": 131.432}
2026-09-17T02:07:11.554+00:00 model_call_start graph node started {"node": "model_call", "timeout_sec": 600.0}
2026-09-17T02:09:38.169+00:00 model_output assistant output complete {"assistant_text": "I'll start the server in the background, verify it works, then stop it."}
2026-09-17T02:09:38.293+00:00 model_thinking thinking output complete {"thinking_text": "The file was written but the shell_exec failed because the command backgrounded (&) which might not be supported in this environment. Let me run the server without backgrounding, or run it in a way..."}
2026-09-17T02:09:38.390+00:00 model_call_end graph node completed {"node": "model_call", "elapsed_sec": 146.867}
2026-09-17T02:09:40.817+00:00 model_call_start graph node started {"node": "model_call", "timeout_sec": 600.0}
2026-09-17T02:11:52.957+00:00 model_output assistant output complete {"assistant_text": "Let me verify the server works by running it in background, curling the endpoint, and stopping it."}
2026-09-17T02:11:53.085+00:00 model_thinking thinking output complete {"thinking_text": "The previous attempt to run the server in background failed. Let me try running the server in the foreground first to verify it works, or better yet, I'll start it in background using a different a..."}
2026-09-17T02:11:53.187+00:00 model_call_end graph node completed {"node": "model_call", "elapsed_sec": 132.387}
