

Loading model... 

▄▄ ▄▄
██ ██
██ ██  ▀▀█▄ ███▄███▄  ▀▀█▄    ▄████ ████▄ ████▄
██ ██ ▄█▀██ ██ ██ ██ ▄█▀██    ██    ██ ██ ██ ██
██ ██ ▀█▄██ ██ ██ ██ ▀█▄██ ██ ▀████ ████▀ ████▀
                                    ██    ██
                                    ▀▀    ▀▀

build      : b10896-fa6769818
model      : ibm-granite/granite-4.2-3b-GGUF
ftype      : Q8_0
modalities : text

available commands:
  /exit or Ctrl+C     stop or exit
  /regen              regenerate the last response
  /clear              clear the chat history
  /read <file>        add a text file
  /glob <pattern>     add text files using globbing pattern



> lorem ipsum dolor sit amet consectetur adipiscing elit sed do eiusmod tempor incididunt ut labore et dolore magna aliqua enim
lorem ipsum dolor sit amet consectetur adipiscing elit sed do eiusmod tempor incididunt ut labore et dolore magna aliqua enim
lorem ipsum dolor sit amet consectetur adipiscing elit sed do eiusmod tempor incididunt ut labore et dolore magna aliqua enim
lorem ipsum dolor sit amet consectetur adipiscing elit sed do eiusmod tempor incididunt ut labore et dolore magna aliqua e ... (truncated)

[Start thinking]

Okay, the user has provided a long block of Lorem Ipsum text repeated many times. They might be testing if I can handle repetitive content or perhaps they want me to process it somehow.

Looking at the message, it's just the same Lorem Ipsum phrase repeated over and over. There's no clear question or instruction. Maybe they accidentally pasted it multiple times.

I should respond by acknowledging the content and asking for clarification. Since it's all placeholder text, I'll mention that I can help with actual tasks like summarizing, translating, or editing real content.

Keep it friendly and concise.
[End thinking]

I see you've shared a very long block of Lorem Ipsum text (repeated many times). Since this appears to be placeholder content and doesn't contain a specific question, instruction, or task, I’m happy to help with something meaningful instead.

Here’s how I can assist you right now:

- Summarize the Lorem Ipsum (though it’s just repetitive filler—let me know if you’d like a concise summary of the *actual* meaningful parts you care about).
- Clean up or remove the repetition.
- Translate it (if needed).
- Help you rewrite it in a real

[ Prompt: 165.5 t/s | Generation: 13.1 t/s ]


Exiting...
