

Loading model... 

▄▄ ▄▄
██ ██
██ ██  ▀▀█▄ ███▄███▄  ▀▀█▄    ▄████ ████▄ ████▄
██ ██ ▄█▀██ ██ ██ ██ ▄█▀██    ██    ██ ██ ██ ██
██ ██ ▀█▄██ ██ ██ ██ ▀█▄██ ██ ▀████ ████▀ ████▀
                                    ██    ██
                                    ▀▀    ▀▀

build      : b10896-fa6769818
model      : ibm-granite/granite-4.2-3b-GGUF
ftype      : Q8_0
modalities : text

available commands:
  /exit or Ctrl+C     stop or exit
  /regen              regenerate the last response
  /clear              clear the chat history
  /read <file>        add a text file
  /glob <pattern>     add text files using globbing pattern



> Count slowly and describe each number in detail.

[Start thinking]

Okay, the user asked me to "Count slowly and describe each number in detail." Hmm, they want me to count numbers but go very slowly and explain each one thoroughly. 

I should probably start counting from 1 upwards, but since they said "slowly," I'll take extra time between numbers and give detailed descriptions. Maybe they're testing my ability to be patient or to explain concepts clearly—perhaps a learner, or someone processing information slowly. 

I'll begin at 1, describe what each number looks like, its properties, maybe how it's formed, and keep it simple but detailed as requested. No need for math problems, just counting with rich descriptions. 

Let me outline: For each number n, I'll say: 
- The numeral (e.g., "one") 
- How it's written (e.g., "the digit '1'") 
- Its value 
- A brief, detailed explanation (e.g., for 1: it's the smallest positive integer, represents one unit, etc.) 

I'll go slowly—maybe one number per response? But the instruction says "Count slowly and describe each number," which could mean in one continuous count with pauses. Since

[ Prompt: 36.3 t/s | Generation: 19.7 t/s ]


Exiting...
