

Loading model... 

▄▄ ▄▄
██ ██
██ ██  ▀▀█▄ ███▄███▄  ▀▀█▄    ▄████ ████▄ ████▄
██ ██ ▄█▀██ ██ ██ ██ ▄█▀██    ██    ██ ██ ██ ██
██ ██ ▀█▄██ ██ ██ ██ ▀█▄██ ██ ▀████ ████▀ ████▀
                                    ██    ██
                                    ▀▀    ▀▀

build      : b10896-fa6769818
model      : C:\Users\zenfi\.cache\huggingface\hub\models--LiquidAI--LFM2.5-2.6B-GGUF\snapshots\84022ce711b28455e8c4fc364ce68c00cf995875\LFM2.5-2.6B-Q8_0.gguf
ftype      : Q8_0
modalities : text

available commands:
  /exit or Ctrl+C     stop or exit
  /regen              regenerate the last response
  /clear              clear the chat history
  /read <file>        add a text file
  /glob <pattern>     add text files using globbing pattern



> lorem ipsum dolor sit amet consectetur adipiscing elit sed do eiusmod tempor incididunt ut labore et dolore magna aliqua enim
lorem ipsum dolor sit amet consectetur adipiscing elit sed do eiusmod tempor incididunt ut labore et dolore magna aliqua enim
lorem ipsum dolor sit amet consectetur adipiscing elit sed do eiusmod tempor incididunt ut labore et dolore magna aliqua enim
lorem ipsum dolor sit amet consectetur adipiscing elit sed do eiusmod tempor incididunt ut labore et dolore magna aliqua e ... (truncated)

[Start thinking]

The user has provided a large block of text consisting of repeated sentences from a standard "Lorem Ipsum" placeholder text. The text is identical across multiple lines, just slightly varied in punctuation or spacing (e.g., "incididunt ut labore et dolore magna aliqua enim" vs "incididunt ut labore et dolore magna aliqua enim").

The user's prompt is just the text itself, with no specific question or instruction. However, looking at the pattern, this is a common "test" or "fill" request where the user wants the model to continue the text, summarize it, or perhaps just acknowledge it. But usually, when a user pastes a massive block of repetitive text without a specific command, the implicit task is often to generate more of the same, or to clean it up, or to respond to the content.

Given the repetitive nature, simply repeating it back is pointless. The most helpful response is to acknowledge the text and perhaps offer to do something specific with it, or to summarize that it is a standard placeholder text.

However, looking at the specific phrasing "lorem ipsum dolor sit amet...", this is the standard dummy text used in web design and publishing. The repetition

[ Prompt: 287.2 t/s | Generation: 24.4 t/s ]


Exiting...
