

Loading model... 

▄▄ ▄▄
██ ██
██ ██  ▀▀█▄ ███▄███▄  ▀▀█▄    ▄████ ████▄ ████▄
██ ██ ▄█▀██ ██ ██ ██ ▄█▀██    ██    ██ ██ ██ ██
██ ██ ▀█▄██ ██ ██ ██ ▀█▄██ ██ ▀████ ████▀ ████▀
                                    ██    ██
                                    ▀▀    ▀▀

build      : b10896-fa6769818
model      : C:\Users\zenfi\.cache\huggingface\hub\models--LiquidAI--LFM2.5-2.6B-GGUF\snapshots\84022ce711b28455e8c4fc364ce68c00cf995875\LFM2.5-2.6B-Q8_0.gguf
ftype      : Q8_0
modalities : text

available commands:
  /exit or Ctrl+C     stop or exit
  /regen              regenerate the last response
  /clear              clear the chat history
  /read <file>        add a text file
  /glob <pattern>     add text files using globbing pattern



> Count slowly and describe each number in detail.

[Start thinking]

The user wants me to "Count slowly and describe each number in detail."
This is a creative writing prompt. I need to count from 1 upwards, but I must do it "slowly" and "describe each number in detail."

**Interpretation of "Count slowly":**
*   It implies a step-by-step process.
*   It suggests a narrative flow, perhaps pausing between numbers to elaborate.
*   It could mean counting up to a certain point (e.g., 10, 100, or just indefinitely until the user stops me). Since there's no upper limit specified, I should probably start small and see if the user wants more, or just keep going for a reasonable length to demonstrate the style. However, usually, these prompts imply a demonstration of the capability. I will aim for a substantial list, perhaps up to 20 or 30, to show the "detail" aspect without becoming tedious. Let's aim for 1 to 20 or maybe 1 to 50. Let's start with 1 and go up.

**Interpretation of "Describe each number in detail":**
*   This is the core constraint. I can't just say "1. One." I need to describe the number itself.

[ Prompt: 50.9 t/s | Generation: 26.3 t/s ]


Exiting...
