

Loading model... 

▄▄ ▄▄
██ ██
██ ██  ▀▀█▄ ███▄███▄  ▀▀█▄    ▄████ ████▄ ████▄
██ ██ ▄█▀██ ██ ██ ██ ▄█▀██    ██    ██ ██ ██ ██
██ ██ ▀█▄██ ██ ██ ██ ▀█▄██ ██ ▀████ ████▀ ████▀
                                    ██    ██
                                    ▀▀    ▀▀

build      : b10896-fa6769818
model      : C:\Users\zenfi\.cache\huggingface\hub\models--openbmb--MiniCPM5-2B-GGUF\snapshots\c451f4d674096e6e6f1cc5d0abb6794bda638304\MiniCPM5-2B-Q8_0.gguf
ftype      : Q8_0
modalities : text

available commands:
  /exit or Ctrl+C     stop or exit
  /regen              regenerate the last response
  /clear              clear the chat history
  /read <file>        add a text file
  /glob <pattern>     add text files using globbing pattern



> lorem ipsum dolor sit amet consectetur adipiscing elit sed do eiusmod tempor incididunt ut labore et dolore magna aliqua enim
lorem ipsum dolor sit amet consectetur adipiscing elit sed do eiusmod tempor incididunt ut labore et dolore magna aliqua enim
lorem ipsum dolor sit amet consectetur adipiscing elit sed do eiusmod tempor incididunt ut labore et dolore magna aliqua enim
lorem ipsum dolor sit amet consectetur adipiscing elit sed do eiusmod tempor incididunt ut labore et dolore magna aliqua e ... (truncated)

[Start thinking]

We need to respond to the user's request. The user provided a huge block of repeated text: "lorem ipsum dolor sit amet consectetur adipiscing elit sed do eiusmod tempor incididunt ut labore et dolore magna aliqua enim" repeated many times. The user didn't ask a specific question. They just pasted a lot of lorem ipsum text. Possibly they want something done with it, like removing duplicates, counting occurrences, or something else. But the prompt is just the text. There's no explicit instruction. The user might be testing the model's ability to handle repetitive text, or they might want a summary, or they might want to know how many times it appears. Since there's no question, I should ask for clarification. However, the system prompt says: "You are an AI assistant. Help the user with their question." The user's message is just the repeated text. I need to infer what they want. Possibly they want me to clean it up, or maybe they accidentally pasted it and want me to do something. I could respond by noting that the text is repetitive and offer to help process it. But the instruction is to be helpful. I'll provide a concise response: acknowledge the

[ Prompt: 209.6 t/s | Generation: 21.9 t/s ]


Exiting...
