

Loading model... 

▄▄ ▄▄
██ ██
██ ██  ▀▀█▄ ███▄███▄  ▀▀█▄    ▄████ ████▄ ████▄
██ ██ ▄█▀██ ██ ██ ██ ▄█▀██    ██    ██ ██ ██ ██
██ ██ ▀█▄██ ██ ██ ██ ▀█▄██ ██ ▀████ ████▀ ████▀
                                    ██    ██
                                    ▀▀    ▀▀

build      : b10896-fa6769818
model      : bartowski/Nanbeige_Nanbeige4.2-3B-GGUF
ftype      : Q6_K
modalities : text

available commands:
  /exit or Ctrl+C     stop or exit
  /regen              regenerate the last response
  /clear              clear the chat history
  /read <file>        add a text file
  /glob <pattern>     add text files using globbing pattern



> Count slowly and describe each number in detail.

[Start thinking]

Weimplify is asked: "Count slowly and describe each number in detail." This is a straightforward request, but it requires careful interpretation. The user wants a slow count (presumably starting from some number, likely 1) with detailed descriptions for each number. However, "count slowly" could imply starting from 1 and going up, or perhaps counting down? The phrase "describe each number in detail" suggests that for each integer encountered during the count, we provide a thorough description. But "each number" – does it mean each numeral (like the digit) or each integer value? Given the context, it's likely each integer in the sequence. Also, "slowly" might imply taking time to articulate each step, perhaps with pauses described. However, as an AI text response, we can simulate "slow counting" by providing detailed descriptions for each number sequentially.

First, we need to decide the range. The query does not specify how many numbers to count. Since it says "count slowly", it might be expected to start from 1 and go up to a reasonable number, maybe 10 or 20? But "describe each number in detail" – if we go too far, the response becomes very long. However, the

[ Prompt: 3.0 t/s | Generation: 9.4 t/s ]


Exiting...
