

Loading model... 

▄▄ ▄▄
██ ██
██ ██  ▀▀█▄ ███▄███▄  ▀▀█▄    ▄████ ████▄ ████▄
██ ██ ▄█▀██ ██ ██ ██ ▄█▀██    ██    ██ ██ ██ ██
██ ██ ▀█▄██ ██ ██ ██ ▀█▄██ ██ ▀████ ████▀ ████▀
                                    ██    ██
                                    ▀▀    ▀▀

build      : b10896-fa6769818
model      : bartowski/Nanbeige_Nanbeige4.2-3B-GGUF
ftype      : Q6_K
modalities : text

available commands:
  /exit or Ctrl+C     stop or exit
  /regen              regenerate the last response
  /clear              clear the chat history
  /read <file>        add a text file
  /glob <pattern>     add text files using globbing pattern



> lorem ipsum dolor sit amet consectetur adipiscing elit sed do eiusmod tempor incididunt ut labore et dolore magna aliqua enim
lorem ipsum dolor sit amet consectetur adipiscing elit sed do eiusmod tempor incididunt ut labore et dolore magna aliqua enim
lorem ipsum dolor sit amet consectetur adipiscing elit sed do eiusmod tempor incididunt ut labore et dolore magna aliqua enim
lorem ipsum dolor sit amet consectetur adipiscing elit sed do eiusmod tempor incididunt ut labore et dolore magna aliqua e ... (truncated)

[Start thinking]

We are given a long repetition of the same lorem ipsum text. The user has pasted the same line multiple times.
 The task is to respond appropriately. Since the input is entirely lorem ipsum (which is placeholder text) and repeated,
 there are a few possibilities for what the user might want:

 1. The user might be testing how the AI handles repetitive or nonsensical input.
 2. The user might have accidentally pasted the same text multiple times and expects a correction or summary.
 3. The user might be looking for a demonstration of how to process such text (e.g., deduplication, counting lines, etc.).
 4. The user might be expecting a creative or humorous response to the lorem ipsum repetition.

 However, note that the user's query is exactly the lorem ipsum text repeated many times. There is no explicit question or instruction.

 As an AI, I should:
 - Recognize that the input is repetitive and consists of placeholder text.
 - Avoid simply repeating the same lorem ipsum in the response (which would be unhelpful).
 - Provide a helpful response that addresses the nature of the input.

 Steps I can take in the response:
 1.

[ Prompt: 15.5 t/s | Generation: 6.5 t/s ]


Exiting...
