

Loading model... 

▄▄ ▄▄
██ ██
██ ██  ▀▀█▄ ███▄███▄  ▀▀█▄    ▄████ ████▄ ████▄
██ ██ ▄█▀██ ██ ██ ██ ▄█▀██    ██    ██ ██ ██ ██
██ ██ ▀█▄██ ██ ██ ██ ▀█▄██ ██ ▀████ ████▀ ████▀
                                    ██    ██
                                    ▀▀    ▀▀

build      : b10896-fa6769818
model      : sizzlebop/Spark-X2.5-4B-GGUF
ftype      : Q6_K
modalities : text

available commands:
  /exit or Ctrl+C     stop or exit
  /regen              regenerate the last response
  /clear              clear the chat history
  /read <file>        add a text file
  /glob <pattern>     add text files using globbing pattern



> Count slowly and describe each number in detail.

[Start thinking]

We need to count slowly and describe each number in detail. The user didn't specify a range, so we need to interpret what they want. Possibly they want us to count from 1 to some number, but they didn't specify. Maybe they want us to count from 1 to 100? Or maybe they want us to count slowly and describe each number in detail, meaning we should go through numbers one by one, and for each number, provide a detailed description. Since no range is given, we could ask for clarification, but the instruction says "Count slowly and describe each number in detail." It might be a test of our ability to follow instructions and provide detailed descriptions. Perhaps we should count from 1 to 10, or maybe we should count indefinitely? That doesn't make sense.

Let's think: The user might be expecting a response that counts from 1 to some number, but since they didn't specify, we could choose a reasonable range, like 1 to 10, or 1 to 100. But "describe each number in detail" suggests we need to provide a detailed description for each number. For example, for 1: "One is the first positive integer, representing

[ Prompt: 27.5 t/s | Generation: 13.5 t/s ]


Exiting...
