

Loading model... 

▄▄ ▄▄
██ ██
██ ██  ▀▀█▄ ███▄███▄  ▀▀█▄    ▄████ ████▄ ████▄
██ ██ ▄█▀██ ██ ██ ██ ▄█▀██    ██    ██ ██ ██ ██
██ ██ ▀█▄██ ██ ██ ██ ▀█▄██ ██ ▀████ ████▀ ████▀
                                    ██    ██
                                    ▀▀    ▀▀

build      : b10896-fa6769818
model      : sizzlebop/Spark-X2.5-4B-GGUF
ftype      : Q6_K
modalities : text

available commands:
  /exit or Ctrl+C     stop or exit
  /regen              regenerate the last response
  /clear              clear the chat history
  /read <file>        add a text file
  /glob <pattern>     add text files using globbing pattern



> lorem ipsum dolor sit amet consectetur adipiscing elit sed do eiusmod tempor incididunt ut labore et dolore magna aliqua enim
lorem ipsum dolor sit amet consectetur adipiscing elit sed do eiusmod tempor incididunt ut labore et dolore magna aliqua enim
lorem ipsum dolor sit amet consectetur adipiscing elit sed do eiusmod tempor incididunt ut labore et dolore magna aliqua enim
lorem ipsum dolor sit amet consectetur adipiscing elit sed do eiusmod tempor incididunt ut labore et dolore magna aliqua e ... (truncated)

[Start thinking]

We need to process the user's input. The user provided a long string of repeated "lorem ipsum dolor sit amet consectetur adipiscing elit sed do eiusmod tempor incididunt ut labore et dolore magna aliqua enim" lines. This appears to be a test or a request to handle repetitive text. The user didn't ask a specific question; they just pasted a lot of the same lorem ipsum text.

We need to determine what the user wants. Since there's no explicit instruction, we should interpret the input. The text is clearly a placeholder for content, repeated many times. The user might be testing the assistant's ability to handle repetitive input, or they might want us to summarize, clean, or respond to the content.

Given the context, the assistant should provide a helpful response. Possible actions:
- Acknowledge the repetitive input.
- Note that it's a common placeholder text.
- Offer assistance with whatever the user might need (e.g., generating unique content, cleaning up text, etc.).
- Since the user didn't ask a question, we can ask clarifying questions or provide a general response.

The assistant should be polite and helpful. We can

[ Prompt: 162.7 t/s | Generation: 12.2 t/s ]


Exiting...
