12:51:53 0
12:51:57 2928
12:52:00 3303
12:52:03 0
12:52:06 3496
12:52:09 3496
12:52:13 3496
12:52:16 3496
12:52:19 3496
12:52:22 53
12:52:25 3265
12:52:28 3265
12:52:32 3265
12:52:35 3265
12:52:38 3452
12:52:41 0
12:52:44 3074
12:52:47 3636
12:52:51 3636
12:52:54 3636
12:52:57 3166
12:53:00 3166
12:53:03 3166
12:53:06 3166
12:53:09 3166
12:53:13 3074
12:53:16 3988
12:53:19 3988
12:53:22 3988
12:53:25 3988
12:53:28 3988
12:53:31 3988
12:53:35 3988
12:53:38 3988
12:53:41 3988
12:53:44 3988
12:53:47 3807
12:53:50 3807
12:53:53 3807
12:53:57 3807
12:54:00 3807
12:54:03 0
12:54:06 4197
12:54:09 4340
12:54:12 4340
12:54:16 4340
12:54:19 4340
12:54:22 4340
12:54:25 4340
12:54:28 4340
12:54:31 4340
12:54:34 4340
12:54:38 4340
12:54:41 4340
12:54:44 4340
12:54:47 4340
12:54:50 4340
12:54:53 4340
12:54:56 4340
12:55:00 4340
12:55:03 4159
12:55:06 4159
12:55:09 4159
12:55:12 4159
12:55:15 4159
12:55:18 0
12:55:22 3074
12:55:25 5044
12:55:28 5044
12:55:31 5044
12:55:34 5044
12:55:37 5044
12:55:41 5044
12:55:44 5044
12:55:47 5044
12:55:50 5044
12:55:53 5044
12:55:56 5044
12:56:00 5044
12:56:03 5044
12:56:06 5044
12:56:09 5044
12:56:12 5044
12:56:15 5044
12:56:18 5044
12:56:22 5044
12:56:25 5044
12:56:28 5044
12:56:31 5044
12:56:34 5044
12:56:37 5044
12:56:40 5044
12:56:43 5044
12:56:47 5044
12:56:50 5044
12:56:53 5044
12:56:56 5044
12:56:59 5044
12:57:02 5044
12:57:06 5044
12:57:09 5044
12:57:12 5044
12:57:15 5044
12:57:18 4863
12:57:21 4863
12:57:24 4863
12:57:28 4863
12:57:31 4863
12:57:34 4863
12:57:37 0
12:57:40 3074
12:57:43 5748
12:57:46 5748
12:57:50 5748
12:57:53 5748
12:57:56 5748
12:57:59 5748
12:58:02 5748
12:58:05 5748
12:58:08 5748
12:58:12 5748
12:58:15 5748
12:58:18 5748
12:58:21 5748
12:58:24 5748
12:58:27 5748
12:58:31 5748
12:58:34 5748
12:58:37 5748
12:58:40 5748
12:58:43 5748
12:58:46 5748
12:58:49 5748
12:58:52 5748
12:58:56 5748
12:58:59 5748
12:59:02 5748
12:59:05 5748
12:59:08 5748
12:59:11 5748
12:59:15 5748
12:59:18 5748
12:59:21 5748
12:59:24 5748
12:59:27 5748
12:59:30 5748
12:59:33 5748
12:59:37 5748
12:59:40 5748
12:59:43 5748
12:59:46 5748
12:59:49 5748
12:59:52 5748
12:59:55 5748
12:59:58 5748
13:00:02 5748
13:00:05 5748
13:00:08 5748
13:00:11 5748
13:00:14 5748
13:00:17 5748
13:00:20 5748
13:00:24 5748
13:00:27 5748
13:00:30 5748
13:00:33 5748
13:00:36 5748
13:00:39 5748
13:00:42 5748
13:00:46 5748
13:00:49 5748
13:00:52 5567
13:00:55 5567
13:00:58 5567
13:01:01 5567
13:01:05 5567
13:01:08 5567
13:01:11 5567
13:01:14 0
13:01:17 3330
13:01:20 6043
13:01:23 6043
13:01:27 6043
13:01:30 6043
13:01:33 6043
13:01:36 6043
13:01:39 6043
13:01:42 6043
13:01:45 6043
13:01:49 6043
13:01:52 6043
13:01:55 6043
13:01:58 6043
13:02:01 6043
13:02:04 6043
13:02:07 6043
13:02:11 6043
13:02:14 6043
13:02:17 6043
13:02:20 6043
13:02:23 6043
13:02:26 6043
13:02:29 6043
13:02:33 6043
13:02:36 6043
13:02:39 6043
13:02:42 6043
13:02:45 6043
13:02:48 6043
13:02:51 6043
13:02:55 6043
13:02:58 6043
13:03:01 6043
13:03:04 6043
13:03:07 6043
13:03:10 6043
13:03:14 6043
13:03:17 6043
13:03:20 6043
13:03:23 6043
13:03:26 6043
13:03:29 6043
13:03:32 6043
13:03:36 6043
13:03:39 6043
13:03:42 6043
13:03:45 6043
13:03:48 6043
13:03:51 6043
13:03:54 6043
13:03:58 6043
13:04:01 6043
13:04:04 6043
13:04:07 6043
13:04:10 6043
13:04:13 6043
13:04:16 6043
13:04:20 6043
13:04:23 6043
13:04:26 6043
13:04:29 6043
13:04:32 6043
13:04:35 6043
13:04:38 6043
13:04:42 6043
13:04:45 6043
13:04:48 6043
13:04:51 6043
13:04:54 6043
13:04:57 6043
13:05:00 6043
13:05:04 6043
13:05:07 6043
13:05:10 6043
13:05:13 6043
13:05:16 6043
13:05:19 6043
13:05:22 6043
13:05:26 6043
13:05:29 6043
13:05:32 6043
13:05:35 6043
13:05:38 6043
13:05:41 6043
13:05:44 6043
13:05:48 6043
13:05:51 6043
13:05:54 6043
13:05:57 6043
13:06:00 6043
13:06:03 6043
13:06:06 6043
13:06:10 6043
13:06:13 6043
13:06:16 6043
13:06:19 6043
13:06:22 6043
13:06:25 6043
13:06:28 6043
13:06:32 6043
13:06:35 6043
13:06:38 6043
13:06:41 6043
13:06:44 6043
13:06:47 6043
13:06:50 6043
13:06:54 6043
13:06:57 6043
13:07:01 6043
13:07:04 6043
13:07:07 6043
13:07:10 6043
13:07:13 6043
13:07:16 6043
13:07:19 6043
13:07:23 6043
13:07:26 6043
13:07:29 6043
13:07:32 6043
13:07:35 6043
13:07:38 6043
13:07:41 6043
13:07:45 6043
13:07:48 6043
13:07:51 6043
13:07:54 6043
13:07:57 6043
13:08:00 6043
13:08:03 6043
13:08:07 6043
13:08:10 6043
13:08:13 6043
13:08:16 6043
13:08:19 6043
13:08:22 6043
13:08:25 6043
13:08:29 6043
13:08:32 6043
13:08:35 6043
13:08:38 6043
13:08:41 6043
13:08:44 6043
13:08:48 6043
13:08:51 6043
13:08:54 6043
13:08:57 6043
13:09:00 6043
13:09:03 6043
13:09:06 6043
13:09:10 6043
13:09:13 6043
13:09:16 6043
13:09:19 6043
13:09:22 6043
13:09:25 6043
13:09:28 6043
13:09:32 6043
13:09:35 6043
13:09:38 6043
13:09:41 6043
13:09:44 6043
13:09:47 6043
13:09:50 6043
13:09:54 6043
13:09:57 6043
13:10:00 6043
13:10:03 6043
13:10:06 6043
13:10:09 6043
13:10:12 6043
13:10:16 6043
13:10:19 6043
13:10:22 6043
13:10:25 6043
13:10:28 6043
13:10:31 6043
13:10:34 6043
13:10:38 6043
13:10:41 6043
13:10:44 6043
13:10:47 6043
13:10:50 6043
13:10:53 6043
13:10:56 6043
13:11:00 6043
13:11:03 6043
13:11:06 6043
13:11:09 6043
13:11:12 6043
13:11:15 6043
13:11:18 6043
13:11:22 6043
13:11:25 6043
13:11:28 6043
13:11:31 6043
13:11:34 6043
13:11:37 6043
13:11:40 6043
13:11:44 6043
13:11:47 6043
13:11:50 6043
13:11:53 6043
13:11:56 6043
13:11:59 6043
13:12:03 6043
13:12:06 6043
13:12:09 6043
13:12:12 6043
13:12:15 6043
13:12:18 6043
13:12:21 6043
13:12:25 6043
13:12:28 6043
13:12:31 6043
13:12:34 6043
13:12:37 6043
13:12:40 6043
13:12:43 6043
13:12:47 6043
13:12:50 6043
13:12:53 6043
13:12:56 6043
13:12:59 6043
13:13:02 6043
13:13:05 6043
13:13:09 6043
13:13:12 6043
13:13:15 6043
13:13:18 6043
13:13:21 6043
13:13:24 6043
13:13:27 6043
13:13:31 6043
13:13:34 6043
13:13:37 6043
13:13:40 6043
13:13:43 6043
13:13:46 6043
13:13:49 6043
13:13:53 6043
13:13:56 6043
13:13:59 6043
13:14:02 6043
13:14:05 6043
13:14:08 6043
13:14:11 6043
13:14:15 6043
13:14:18 6043
13:14:21 6043
13:14:24 6043
13:14:27 6043
13:14:30 6043
13:14:33 6043
13:14:37 6043
13:14:40 6043
13:14:43 6043
13:14:46 6043
13:14:49 6043
13:14:52 6043
13:14:55 6043
13:14:59 6043
13:15:02 6043
13:15:05 6043
13:15:08 6043
13:15:11 6043
13:15:14 6043
13:15:17 6043
13:15:21 6043
13:15:24 6043
13:15:27 6043
13:15:30 6043
13:15:33 6043
13:15:36 6043
13:15:39 6043
13:15:43 6043
13:15:46 6043
13:15:49 6043
13:15:52 6043
13:15:55 6043
13:15:58 6043
13:16:01 6043
13:16:05 6043
13:16:08 6043
13:16:11 6043
13:16:14 6043
13:16:17 6043
13:16:20 6043
13:16:23 6043
13:16:27 6043
13:16:30 6043
13:16:33 6043
13:16:36 6043
13:16:39 6043
13:16:42 6043
13:16:45 6043
13:16:49 6043
13:16:52 6043
13:16:55 6043
13:16:58 6043
13:17:01 6043
13:17:04 6043
13:17:08 6043
13:17:11 6043
13:17:14 6043
13:17:17 6043
13:17:20 6043
13:17:23 6043
13:17:26 6043
13:17:30 6043
13:17:33 6043
13:17:36 6043
13:17:39 6043
13:17:42 6043
13:17:45 6043
13:17:48 6043
13:17:52 6043
13:17:55 6043
13:17:58 6043
13:18:01 6043
13:18:04 6043
13:18:07 6043
13:18:11 6043
13:18:14 6043
13:18:17 6043
13:18:20 6043
13:18:23 6043
13:18:26 6043
13:18:29 6043
13:18:33 6043
13:18:36 6043
13:18:39 6043
13:18:42 6043
13:18:45 6043
13:18:48 6043
13:18:51 6043
13:18:55 6043
13:18:58 6043
13:19:01 6043
13:19:04 6043
13:19:07 6043
13:19:10 6043
13:19:13 6043
13:19:17 6043
13:19:20 6043
13:19:23 6043
13:19:26 6043
13:19:29 6043
13:19:32 6043
13:19:35 6043
13:19:39 6043
13:19:42 6043
13:19:45 6043
13:19:48 6043
13:19:51 6043
13:19:54 6043
13:19:58 6043
13:20:01 6043
13:20:04 6043
13:20:07 6043
13:20:10 6043
13:20:13 6043
13:20:16 6043
13:20:20 6043
13:20:23 6043
13:20:26 6043
13:20:29 6043
13:20:32 6043
13:20:35 6043
13:20:38 6043
13:20:41 6043
13:20:45 6043
13:20:48 6043
13:20:51 6043
13:20:54 6043
13:20:57 6043
13:21:00 6043
13:21:03 6043
13:21:07 6043
13:21:10 6043
13:21:13 6043
13:21:16 6043
13:21:19 6043
13:21:22 6043
13:21:25 6043
13:21:29 6043
13:21:32 6043
13:21:35 6043
13:21:38 6043
13:21:41 6043
13:21:44 6043
13:21:47 6043
13:21:51 6043
13:21:54 6043
13:21:57 6043
13:22:00 6043
13:22:03 6043
13:22:06 6043
13:22:09 6043
13:22:13 6043
13:22:16 6043
13:22:19 6043
13:22:22 6043
13:22:25 6043
13:22:28 6043
13:22:31 6043
13:22:35 6031
13:22:38 6031
13:22:41 6031
13:22:44 6031
13:22:47 6031
13:22:50 6031
13:22:54 6031
13:22:57 0
13:23:00 3496
13:23:03 3835
13:23:06 3835
13:23:09 3548
13:23:13 3548
13:23:16 1264
13:23:19 4475
13:23:22 4475
13:23:25 4475
13:23:28 4475
13:23:31 4475
13:23:35 4475
13:23:38 4475
13:23:41 4475
13:23:44 4475
13:23:47 4475
13:23:50 4475
13:23:53 4475
13:23:57 4475
13:24:00 4475
13:24:03 4475
13:24:06 4475
13:24:09 4475
13:24:12 4475
13:24:15 4475
13:24:19 4364
13:24:22 4364
13:24:25 4364
13:24:28 2288
13:24:31 5035
13:24:34 5035
13:24:37 5035
13:24:41 5035
13:24:44 5035
13:24:47 5035
13:24:50 5035
13:24:53 5035
13:24:56 5035
13:24:59 5035
13:25:03 5035
13:25:06 5035
13:25:09 5035
13:25:12 5035
13:25:15 5035
13:25:18 5035
13:25:21 5035
13:25:25 5035
13:25:28 5035
13:25:31 5035
13:25:34 5035
13:25:37 5035
13:25:40 5035
13:25:43 5035
13:25:47 5035
13:25:50 5035
13:25:53 5035
13:25:56 5035
13:25:59 5035
13:26:02 5035
13:26:05 5035
13:26:09 5035
13:26:12 5035
13:26:15 5035
13:26:18 5035
13:26:21 5035
13:26:24 5035
13:26:28 5035
13:26:31 5035
13:26:34 5035
13:26:37 5035
13:26:40 5035
13:26:43 4924
13:26:46 4924
13:26:50 4924
13:26:53 4924
13:26:56 0
13:26:59 0
13:27:03 0
13:27:06 0
13:27:09 0
13:27:13 0
13:27:16 0
13:27:19 0
13:27:23 0
13:27:26 0
13:27:30 0
13:27:33 0
13:27:36 0
13:27:40 0
13:27:43 0
13:27:47 0
13:27:50 0
13:27:53 0
13:27:57 0
13:28:00 0
13:28:03 0
13:28:07 0
13:28:10 0
13:28:14 0
13:28:17 0
13:28:20 0
13:28:24 0
13:28:27 0
13:28:31 0
13:28:34 0
13:28:37 0
13:28:41 0
13:28:44 0
13:28:47 0
13:28:51 0
13:28:54 0
13:28:58 0
13:29:01 0
13:29:04 0
13:29:08 0
13:29:11 0
13:29:14 0
13:29:18 0
13:29:21 0
13:29:25 0
13:29:28 0
13:29:31 0
13:29:35 0
13:29:38 0
13:29:42 0
13:29:45 0
13:29:48 0
13:29:52 0
13:29:55 0
13:29:58 0
13:30:02 0
13:30:05 0
13:30:09 0
13:30:12 0
13:30:15 0
13:30:19 0
13:30:22 0
13:30:25 0
13:30:29 0
13:30:32 0
13:30:36 0
13:30:39 0
13:30:42 0
13:30:46 0
13:30:49 0
13:30:52 0
13:30:56 0
13:30:59 0
13:31:03 0
13:31:06 0
13:31:09 0
13:31:13 0
13:31:16 0
13:31:20 0
13:31:23 0
13:31:26 0
13:31:30 0
13:31:33 0
13:31:36 0
13:31:40 0
13:31:43 0
13:31:47 0
13:31:50 0
13:31:53 0
13:31:57 0
13:32:00 0
13:32:04 0
13:32:07 0
13:32:10 0
13:32:14 0
13:32:17 0
13:32:20 0
13:32:24 0
13:32:27 0
13:32:31 0
13:32:34 0
13:32:37 0
13:32:41 0
13:32:44 0
13:32:48 0
13:32:51 0
13:32:54 0
13:32:58 0
13:33:01 0
13:33:04 0
13:33:08 0
13:33:11 0
13:33:14 0
13:33:18 0
13:33:21 0
13:33:25 0
13:33:28 0
13:33:31 0
13:33:35 0
