2026-09-17T01:05:47.613+00:00 model_call_start graph node started {"node": "model_call", "timeout_sec": 600.0}
2026-09-17T01:07:41.281+00:00 model_thinking thinking output complete {"thinking_text": "Let me analyze the bug in the debounce.ts module first.\n\nThe current implementation:\n```typescript\nexport function debounce(fn: (...args: any[]) => void, waitMs: number) {\n    let timer: ReturnType..."}
2026-09-17T01:07:41.372+00:00 model_call_end graph node completed {"node": "model_call", "elapsed_sec": 113.776}
2026-09-17T01:07:43.834+00:00 model_call_start graph node started {"node": "model_call", "timeout_sec": 600.0}
2026-09-17T01:10:01.223+00:00 model_thinking thinking output complete {"thinking_text": "Let me analyze the bug in the debounce implementation.\n\nThe current implementation:\n\n```typescript\nexport function debounce(fn: (...args: any[]) => void, waitMs: number) {\n    let timer: ReturnType..."}
2026-09-17T01:10:01.320+00:00 model_call_end graph node completed {"node": "model_call", "elapsed_sec": 137.486}
2026-09-17T01:10:03.798+00:00 model_call_start graph node started {"node": "model_call", "timeout_sec": 600.0}
2026-09-17T01:13:03.428+00:00 model_thinking thinking output complete {"thinking_text": "Let me analyze the bug in the debounce module first.\n\nThe current implementation:\n\n```typescript\nexport function debounce(fn: (...args: any[]) => void, waitMs: number) {\n    let timer: ReturnType<t..."}
2026-09-17T01:13:03.519+00:00 model_call_end graph node completed {"node": "model_call", "elapsed_sec": 179.735}
2026-09-17T01:13:06.409+00:00 model_call_start graph node started {"node": "model_call", "timeout_sec": 600.0}
2026-09-17T01:14:39.135+00:00 model_thinking thinking output complete {"thinking_text": "Let me first read the current content of debounce.ts to see what was written."}
2026-09-17T01:14:39.233+00:00 model_call_end graph node completed {"node": "model_call", "elapsed_sec": 92.823}
2026-09-17T01:14:41.548+00:00 model_call_start graph node started {"node": "model_call", "timeout_sec": 600.0}
2026-09-17T01:16:15.717+00:00 model_thinking thinking output complete {"thinking_text": "Let me read the full file content properly to verify it's correct."}
2026-09-17T01:16:15.813+00:00 model_call_end graph node completed {"node": "model_call", "elapsed_sec": 94.272}
2026-09-17T01:16:18.678+00:00 model_call_start graph node started {"node": "model_call", "timeout_sec": 600.0}
2026-09-17T01:18:28.754+00:00 model_thinking thinking output complete {"thinking_text": "The file has been created with the corrected code (the version I wrote). The task asks to explain what is wrong and provide the corrected version. The original bug was that the previous version ret..."}
2026-09-17T01:18:28.849+00:00 model_call_end graph node completed {"node": "model_call", "elapsed_sec": 130.188}
2026-09-17T01:18:33.720+00:00 model_call_start graph node started {"node": "model_call", "timeout_sec": 600.0}
2026-09-17T01:20:57.749+00:00 model_thinking thinking output complete {"thinking_text": "Let me analyze the current state:\n\n1. I wrote a corrected debounce.ts file with the following content:\n```typescript\nimport assert from 'node:assert';\n\nexport function debounce(fn: (...args: any[])..."}
2026-09-17T01:20:57.850+00:00 model_call_end graph node completed {"node": "model_call", "elapsed_sec": 144.141}
2026-09-17T01:21:00.831+00:00 model_call_start graph node started {"node": "model_call", "timeout_sec": 600.0}
2026-09-17T01:22:36.744+00:00 model_thinking thinking output complete {"thinking_text": "Let me read the full file content to see the current state."}
2026-09-17T01:22:36.846+00:00 model_call_end graph node completed {"node": "model_call", "elapsed_sec": 96.023}
2026-09-17T01:22:39.315+00:00 model_call_start graph node started {"node": "model_call", "timeout_sec": 600.0}
2026-09-17T01:25:01.100+00:00 model_thinking thinking output complete {"thinking_text": "The file was created but the node test failed. Likely the self-test logic is flawed or there are issues with the implementation. Let's examine the current implementation more carefully.\n\nCurrent im..."}
2026-09-17T01:25:01.202+00:00 model_call_end graph node completed {"node": "model_call", "elapsed_sec": 141.894}
2026-09-17T01:25:03.589+00:00 model_call_start graph node started {"node": "model_call", "timeout_sec": 600.0}
2026-09-17T01:27:17.864+00:00 model_output assistant output complete {"assistant_text": "Let me first read the current debounce.ts file to understand its exact content, then fix the self-test logic to be simpler and more reliable."}
2026-09-17T01:27:17.992+00:00 model_thinking thinking output complete {"thinking_text": "Let me analyze the current state:\n\n1. I wrote a corrected version of the debounce.ts file, but it seems the self-test logic is flawed. The task requires:\n   - The intended behavior: debounce(fn, wa..."}
2026-09-17T01:27:18.093+00:00 model_call_end graph node completed {"node": "model_call", "elapsed_sec": 134.51}
2026-09-17T01:27:21.164+00:00 model_call_start graph node started {"node": "model_call", "timeout_sec": 600.0}
