----------------------------------------
Exception occurred during processing of request from ('127.0.0.1', 55554)
----------------------------------------
Exception occurred during processing of request from ('127.0.0.1', 55568)
----------------------------------------
Exception occurred during processing of request from ('127.0.0.1', 55586)
----------------------------------------
Exception occurred during processing of request from ('127.0.0.1', 55596)
----------------------------------------
Exception occurred during processing of request from ('127.0.0.1', 55612)
Traceback (most recent call last):
Traceback (most recent call last):
Traceback (most recent call last):
Traceback (most recent call last):
Traceback (most recent call last):
  File "/usr/lib/python3.11/socketserver.py", line 691, in process_request_thread
    self.finish_request(request, client_address)
  File "/usr/lib/python3.11/socketserver.py", line 361, in finish_request
    self.RequestHandlerClass(request, client_address, self)
  File "/usr/lib/python3.11/socketserver.py", line 755, in __init__
    self.handle()
  File "/usr/lib/python3.11/socketserver.py", line 691, in process_request_thread
    self.finish_request(request, client_address)
  File "/usr/lib/python3.11/socketserver.py", line 361, in finish_request
    self.RequestHandlerClass(request, client_address, self)
  File "/usr/lib/python3.11/socketserver.py", line 755, in __init__
    self.handle()
  File "/usr/lib/python3.11/http/server.py", line 432, in handle
    self.handle_one_request()
  File "/usr/lib/python3.11/socketserver.py", line 691, in process_request_thread
    self.finish_request(request, client_address)
  File "/usr/lib/python3.11/socketserver.py", line 361, in finish_request
    self.RequestHandlerClass(request, client_address, self)
  File "/usr/lib/python3.11/socketserver.py", line 691, in process_request_thread
    self.finish_request(request, client_address)
  File "/usr/lib/python3.11/socketserver.py", line 755, in __init__
    self.handle()
  File "/usr/lib/python3.11/http/server.py", line 432, in handle
    self.handle_one_request()
  File "/usr/lib/python3.11/socketserver.py", line 361, in finish_request
    self.RequestHandlerClass(request, client_address, self)
  File "/usr/lib/python3.11/http/server.py", line 420, in handle_one_request
    method()
  File "/usr/lib/python3.11/socketserver.py", line 691, in process_request_thread
    self.finish_request(request, client_address)
  File "/usr/lib/python3.11/socketserver.py", line 361, in finish_request
    self.RequestHandlerClass(request, client_address, self)
  File "/usr/lib/python3.11/http/server.py", line 420, in handle_one_request
    method()
  File "/workspace/server.py", line 63, in do_GET
    self.wfile.write(response)
  File "/usr/lib/python3.11/http/server.py", line 432, in handle
    self.handle_one_request()
  File "/usr/lib/python3.11/socketserver.py", line 755, in __init__
    self.handle()
  File "/usr/lib/python3.11/http/server.py", line 420, in handle_one_request
    method()
  File "/workspace/server.py", line 63, in do_GET
    self.wfile.write(response)
  File "/usr/lib/python3.11/http/server.py", line 432, in handle
    self.handle_one_request()
  File "/usr/lib/python3.11/socketserver.py", line 755, in __init__
    self.handle()
  File "/usr/lib/python3.11/http/server.py", line 432, in handle
    self.handle_one_request()
  File "/workspace/server.py", line 63, in do_GET
    self.wfile.write(response)
  File "/usr/lib/python3.11/http/server.py", line 420, in handle_one_request
    method()
  File "/usr/lib/python3.11/socketserver.py", line 834, in write
    self._sock.sendall(b)
  File "/workspace/server.py", line 63, in do_GET
    self.wfile.write(response)
  File "/usr/lib/python3.11/socketserver.py", line 834, in write
    self._sock.sendall(b)
  File "/usr/lib/python3.11/socketserver.py", line 834, in write
    self._sock.sendall(b)
  File "/usr/lib/python3.11/socketserver.py", line 834, in write
    self._sock.sendall(b)
BrokenPipeError: [Errno 32] Broken pipe
  File "/usr/lib/python3.11/http/server.py", line 420, in handle_one_request
    method()
  File "/workspace/server.py", line 51, in do_GET
    self.wfile.write(b'{"error": "rate limit exceeded"}')
BrokenPipeError: [Errno 32] Broken pipe
BrokenPipeError: [Errno 32] Broken pipe
BrokenPipeError: [Errno 32] Broken pipe
  File "/usr/lib/python3.11/socketserver.py", line 834, in write
    self._sock.sendall(b)
----------------------------------------
----------------------------------------
BrokenPipeError: [Errno 32] Broken pipe
----------------------------------------
----------------------------------------
----------------------------------------
----------------------------------------
Exception occurred during processing of request from ('127.0.0.1', 35622)
Traceback (most recent call last):
  File "/usr/lib/python3.11/socketserver.py", line 691, in process_request_thread
    self.finish_request(request, client_address)
  File "/usr/lib/python3.11/socketserver.py", line 361, in finish_request
    self.RequestHandlerClass(request, client_address, self)
  File "/usr/lib/python3.11/socketserver.py", line 755, in __init__
    self.handle()
  File "/usr/lib/python3.11/http/server.py", line 432, in handle
    self.handle_one_request()
  File "/usr/lib/python3.11/http/server.py", line 420, in handle_one_request
    method()
  File "/workspace/server.py", line 63, in do_GET
    self.wfile.write(response)
  File "/usr/lib/python3.11/socketserver.py", line 834, in write
    self._sock.sendall(b)
BrokenPipeError: [Errno 32] Broken pipe
----------------------------------------
----------------------------------------
Exception occurred during processing of request from ('127.0.0.1', 35630)
Traceback (most recent call last):
  File "/usr/lib/python3.11/socketserver.py", line 691, in process_request_thread
    self.finish_request(request, client_address)
  File "/usr/lib/python3.11/socketserver.py", line 361, in finish_request
    self.RequestHandlerClass(request, client_address, self)
  File "/usr/lib/python3.11/socketserver.py", line 755, in __init__
    self.handle()
  File "/usr/lib/python3.11/http/server.py", line 432, in handle
    self.handle_one_request()
  File "/usr/lib/python3.11/http/server.py", line 420, in handle_one_request
    method()
  File "/workspace/server.py", line 63, in do_GET
    self.wfile.write(response)
  File "/usr/lib/python3.11/socketserver.py", line 834, in write
    self._sock.sendall(b)
BrokenPipeError: [Errno 32] Broken pipe
----------------------------------------
----------------------------------------
Exception occurred during processing of request from ('127.0.0.1', 35632)
Traceback (most recent call last):
  File "/usr/lib/python3.11/socketserver.py", line 691, in process_request_thread
    self.finish_request(request, client_address)
  File "/usr/lib/python3.11/socketserver.py", line 361, in finish_request
    self.RequestHandlerClass(request, client_address, self)
  File "/usr/lib/python3.11/socketserver.py", line 755, in __init__
    self.handle()
  File "/usr/lib/python3.11/http/server.py", line 432, in handle
    self.handle_one_request()
  File "/usr/lib/python3.11/http/server.py", line 420, in handle_one_request
    method()
  File "/workspace/server.py", line 63, in do_GET
    self.wfile.write(response)
  File "/usr/lib/python3.11/socketserver.py", line 834, in write
    self._sock.sendall(b)
BrokenPipeError: [Errno 32] Broken pipe
----------------------------------------
