2026-09-16T21:01:13.633+00:00 dispatch_start tool dispatch started {"tool_name": "file_write", "phase": "execute", "arguments": {"path": "server.py", "content_sha256": "ebf19596d9c083726ee205a660543e7fe104e2e2b285f7d50bd9aeed0c160ee2", "content_chars": 2343, "content_bytes": 2343, "content_preview": "#!/usr/bin/env python3\n\"\"\"\nRate-limited API server.\n- GET /api/time returns {\"now\": <unix timestamp>}\n- 5 requests per 60 seconds per client IP\n- 6th+ request i", "content_truncated": true}, "requested_tool_name": null}
2026-09-16T21:01:13.672+00:00 dispatch_spec tool metadata {"tool_name": "file_write", "category": "filesystem", "risk": "high", "phase": "execute"}
2026-09-16T21:01:13.804+00:00 dispatch_complete tool dispatch finished {"tool_name": "file_write", "success": true, "tier": "tier1", "output": "written", "error": null}
2026-09-16T21:01:13.846+00:00 tool_result canonical tool outcome {"tool_name": "file_write", "outcome": "success", "success": true, "status": "success", "reason": "", "failure_class": "", "error": "", "phase": "execute", "source": "model", "duration_ms": 212.451, "requested_tool_name": ""}
2026-09-16T21:03:13.378+00:00 dispatch_start tool dispatch started {"tool_name": "file_read", "phase": "execute", "arguments": {"path": "server.py"}, "requested_tool_name": null}
2026-09-16T21:03:13.429+00:00 dispatch_spec tool metadata {"tool_name": "file_read", "category": "filesystem", "risk": "low", "phase": "execute"}
2026-09-16T21:03:13.469+00:00 dispatch_complete tool dispatch finished {"tool_name": "file_read", "success": true, "tier": "tier1", "output": "#!/usr/bin/env python3\n\"\"\"\nRate-limited API server.\n- GET /api/time returns {\"now\": <unix timestamp>}\n- 5 requests per 60 seconds per client IP\n- 6th+ request in window returns 429 with Retry-After...", "error": null}
2026-09-16T21:03:13.506+00:00 tool_result canonical tool outcome {"tool_name": "file_read", "outcome": "success", "success": true, "status": "success", "reason": "", "failure_class": "", "error": "", "phase": "execute", "source": "model", "duration_ms": 128.996, "requested_tool_name": ""}
2026-09-16T21:04:58.993+00:00 dispatch_start tool dispatch started {"tool_name": "artifact_read", "phase": "execute", "arguments": {"artifact_id": "A0002", "start_line": 1}, "requested_tool_name": null}
2026-09-16T21:04:59.030+00:00 dispatch_spec tool metadata {"tool_name": "artifact_read", "category": "data", "risk": "low", "phase": "execute"}
2026-09-16T21:04:59.074+00:00 dispatch_complete tool dispatch finished {"tool_name": "artifact_read", "success": true, "tier": "tier1", "output": "#!/usr/bin/env python3\n\"\"\"\nRate-limited API server.\n- GET /api/time returns {\"now\": <unix timestamp>}\n- 5 requests per 60 seconds per client IP\n- 6th+ request in window returns 429 with Retry-After...", "error": null}
2026-09-16T21:04:59.113+00:00 tool_result canonical tool outcome {"tool_name": "artifact_read", "outcome": "success", "success": true, "status": "success", "reason": "", "failure_class": "", "error": "", "phase": "execute", "source": "system", "duration_ms": 120.205, "requested_tool_name": "", "artifact_id": "A0002"}
2026-09-16T21:09:08.896+00:00 dispatch_start tool dispatch started {"tool_name": "file_write", "phase": "execute", "arguments": {"path": "throttle.ts", "content_sha256": "9677930f60e66756adfa0bd8be9336433c89108130efb54c3975f79b3eb71128", "content_chars": 1326, "content_bytes": 1326, "content_preview": "import assert from 'node:assert';\n\n/**\n * Throttle a function to call at most maxPerWindow times per windowMs.\n * Calls fn at most maxPerWindow times within win", "content_truncated": true}, "requested_tool_name": null}
2026-09-16T21:09:08.934+00:00 dispatch_spec tool metadata {"tool_name": "file_write", "category": "filesystem", "risk": "high", "phase": "execute"}
2026-09-16T21:09:09.060+00:00 dispatch_complete tool dispatch finished {"tool_name": "file_write", "success": true, "tier": "tier1", "output": "written", "error": null}
2026-09-16T21:09:09.105+00:00 tool_result canonical tool outcome {"tool_name": "file_write", "outcome": "success", "success": true, "status": "success", "reason": "", "failure_class": "", "error": "", "phase": "execute", "source": "model", "duration_ms": 209.06, "requested_tool_name": ""}
2026-09-16T21:11:30.019+00:00 dispatch_start tool dispatch started {"tool_name": "file_write", "phase": "execute", "arguments": {"path": "throttle.ts", "content_sha256": "b1b1d0b078126bc168b28f0e0d569a8f7cc8722b8c38fd94160d63860ed100fd", "content_chars": 1432, "content_bytes": 1432, "content_preview": "// throttle.ts\n// Export function throttle(fn: () => void, maxPerWindow: number, windowMs: number):\n// returns a wrapper that calls fn at most maxPerWindow time", "content_truncated": true}, "requested_tool_name": null}
2026-09-16T21:11:30.061+00:00 dispatch_spec tool metadata {"tool_name": "file_write", "category": "filesystem", "risk": "high", "phase": "execute"}
2026-09-16T21:11:30.218+00:00 dispatch_complete tool dispatch finished {"tool_name": "file_write", "success": true, "tier": "tier1", "output": "written", "error": null}
2026-09-16T21:11:30.258+00:00 tool_result canonical tool outcome {"tool_name": "file_write", "outcome": "success", "success": true, "status": "success", "reason": "", "failure_class": "", "error": "", "phase": "execute", "source": "model", "duration_ms": 238.797, "requested_tool_name": ""}
2026-09-16T21:14:08.263+00:00 dispatch_start tool dispatch started {"tool_name": "file_write", "phase": "execute", "arguments": {"path": "throttle.ts", "content_sha256": "39d1c235629e4d9a41b389a9ff75e5f783c9e0cacdfe904a937c062576aea7ec", "content_chars": 1680, "content_bytes": 1680, "content_preview": "import assert from 'node:assert';\n\n/**\n * Throttle a function to call at most maxPerWindow times per windowMs.\n * Returns a wrapper that calls fn at most maxPer", "content_truncated": true}, "requested_tool_name": null}
2026-09-16T21:14:08.311+00:00 dispatch_spec tool metadata {"tool_name": "file_write", "category": "filesystem", "risk": "high", "phase": "execute"}
2026-09-16T21:14:08.434+00:00 dispatch_complete tool dispatch finished {"tool_name": "file_write", "success": true, "tier": "tier1", "output": "written", "error": null}
2026-09-16T21:14:08.476+00:00 tool_result canonical tool outcome {"tool_name": "file_write", "outcome": "success", "success": true, "status": "success", "reason": "", "failure_class": "", "error": "", "phase": "execute", "source": "model", "duration_ms": 213.275, "requested_tool_name": ""}
2026-09-16T21:16:25.934+00:00 dispatch_start tool dispatch started {"tool_name": "file_write", "phase": "execute", "arguments": {"path": "throttle.ts", "content_sha256": "c8f68a0d633c3416719bfc0090c5342ee1b5b4b53d7dc5528766c56c8f8568b6", "content_chars": 1300, "content_bytes": 1300, "content_preview": "// throttle.ts\n// Export function throttle(fn: () => void, maxPerWindow: number, windowMs: number):\n// returns a wrapper that calls fn at most maxPerWindow time", "content_truncated": true}, "requested_tool_name": null}
2026-09-16T21:16:25.973+00:00 dispatch_spec tool metadata {"tool_name": "file_write", "category": "filesystem", "risk": "high", "phase": "execute"}
2026-09-16T21:16:26.108+00:00 dispatch_complete tool dispatch finished {"tool_name": "file_write", "success": true, "tier": "tier1", "output": "written", "error": null}
2026-09-16T21:16:26.149+00:00 tool_result canonical tool outcome {"tool_name": "file_write", "outcome": "success", "success": true, "status": "success", "reason": "", "failure_class": "", "error": "", "phase": "execute", "source": "model", "duration_ms": 215.621, "requested_tool_name": ""}
