13:35:28 0
13:35:31 3074
13:35:34 6000
13:35:38 6019
13:35:41 6019
13:35:44 6019
13:35:47 6019
13:35:50 6019
13:35:53 6019
13:35:56 6019
13:36:00 6019
13:36:03 6019
13:36:06 6019
13:36:09 6019
13:36:12 6019
13:36:15 6019
13:36:18 6019
13:36:22 6019
13:36:25 6019
13:36:28 6019
13:36:31 6019
13:36:34 6019
13:36:37 6019
13:36:40 6019
13:36:44 6019
13:36:47 6019
13:36:50 6019
13:36:53 6019
13:36:56 6019
13:36:59 6019
13:37:02 6019
13:37:06 6019
13:37:09 6019
13:37:12 6019
13:37:15 6019
13:37:18 6019
13:37:21 6019
13:37:24 6019
13:37:28 6019
13:37:31 6019
13:37:34 6019
13:37:37 6019
13:37:40 6019
13:37:43 6019
13:37:47 6019
13:37:50 6019
13:37:53 6019
13:37:56 6019
13:37:59 6019
13:38:02 6019
13:38:05 6019
13:38:09 6019
13:38:12 6019
13:38:15 6019
13:38:18 6019
13:38:21 6019
13:38:24 6019
13:38:27 6019
13:38:31 6019
13:38:34 6019
13:38:37 6019
13:38:40 6019
13:38:43 6019
13:38:46 6019
13:38:50 6019
13:38:53 6019
