2026-09-16T22:36:17.821+00:00 dispatch_start tool dispatch started {"tool_name": "file_write", "phase": "execute", "arguments": {"path": "server.py", "content_sha256": "a48e80b0d6eb36f5fe3cfacb174febeee73e7dbc05d078b6cd34f4021c5d0fe6", "content_chars": 2748, "content_bytes": 2748, "content_preview": "#!/usr/bin/env python3\n\"\"\"\nRate-limited API server.\n- GET /api/time returns {\"now\": <unix timestamp>}\n- Per-client rate limit: 5 requests per 60 seconds, keyed ", "content_truncated": true}, "requested_tool_name": null}
2026-09-16T22:36:17.925+00:00 dispatch_spec tool metadata {"tool_name": "file_write", "category": "filesystem", "risk": "high", "phase": "execute"}
2026-09-16T22:36:18.526+00:00 dispatch_complete tool dispatch finished {"tool_name": "file_write", "success": true, "tier": "tier1", "output": "written", "error": null}
2026-09-16T22:36:18.568+00:00 tool_result canonical tool outcome {"tool_name": "file_write", "outcome": "success", "success": true, "status": "success", "reason": "", "failure_class": "", "error": "", "phase": "execute", "source": "model", "duration_ms": 747.854, "requested_tool_name": ""}
2026-09-16T22:37:55.582+00:00 dispatch_start tool dispatch started {"tool_name": "file_read", "phase": "execute", "arguments": {"path": "server.py"}, "requested_tool_name": null}
2026-09-16T22:37:55.625+00:00 dispatch_spec tool metadata {"tool_name": "file_read", "category": "filesystem", "risk": "low", "phase": "execute"}
2026-09-16T22:37:55.667+00:00 dispatch_complete tool dispatch finished {"tool_name": "file_read", "success": true, "tier": "tier1", "output": "#!/usr/bin/env python3\n\"\"\"\nRate-limited API server.\n- GET /api/time returns {\"now\": <unix timestamp>}\n- Per-client rate limit: 5 requests per 60 seconds, keyed by client IP\n- 6th+ requests within w...", "error": null}
2026-09-16T22:37:55.707+00:00 tool_result canonical tool outcome {"tool_name": "file_read", "outcome": "success", "success": true, "status": "success", "reason": "", "failure_class": "", "error": "", "phase": "execute", "source": "model", "duration_ms": 125.535, "requested_tool_name": ""}
2026-09-16T22:39:36.553+00:00 dispatch_start tool dispatch started {"tool_name": "artifact_read", "phase": "execute", "arguments": {"artifact_id": "A0002", "start_line": 1}, "requested_tool_name": null}
2026-09-16T22:39:36.593+00:00 dispatch_spec tool metadata {"tool_name": "artifact_read", "category": "data", "risk": "low", "phase": "execute"}
2026-09-16T22:39:36.633+00:00 dispatch_complete tool dispatch finished {"tool_name": "artifact_read", "success": true, "tier": "tier1", "output": "#!/usr/bin/env python3\n\"\"\"\nRate-limited API server.\n- GET /api/time returns {\"now\": <unix timestamp>}\n- Per-client rate limit: 5 requests per 60 seconds, keyed by client IP\n- 6th+ requests within w...", "error": null}
2026-09-16T22:39:36.672+00:00 tool_result canonical tool outcome {"tool_name": "artifact_read", "outcome": "success", "success": true, "status": "success", "reason": "", "failure_class": "", "error": "", "phase": "execute", "source": "system", "duration_ms": 119.791, "requested_tool_name": "", "artifact_id": "A0002"}
2026-09-16T22:41:47.815+00:00 dispatch_start tool dispatch started {"tool_name": "file_write", "phase": "execute", "arguments": {"path": "throttle.ts", "content_sha256": "23e29a6cfd40d469b4686fa4ecbfcb66c248c3fdd7e7f9335b7733e57765ed15", "content_chars": 1138, "content_bytes": 1138, "content_preview": "/**\n * Throttle function - limits how many times a function can be called per window.\n * Calls fn at most maxPerWindow times per windowMs.\n * Excess calls are s", "content_truncated": true}, "requested_tool_name": null}
2026-09-16T22:41:47.856+00:00 dispatch_spec tool metadata {"tool_name": "file_write", "category": "filesystem", "risk": "high", "phase": "execute"}
2026-09-16T22:41:47.969+00:00 dispatch_complete tool dispatch finished {"tool_name": "file_write", "success": true, "tier": "tier1", "output": "written", "error": null}
2026-09-16T22:41:48.015+00:00 tool_result canonical tool outcome {"tool_name": "file_write", "outcome": "success", "success": true, "status": "success", "reason": "", "failure_class": "", "error": "", "phase": "execute", "source": "model", "duration_ms": 200.118, "requested_tool_name": ""}
2026-09-16T22:43:27.640+00:00 dispatch_start tool dispatch started {"tool_name": "file_read", "phase": "execute", "arguments": {"path": "throttle.ts"}, "requested_tool_name": null}
2026-09-16T22:43:27.681+00:00 dispatch_spec tool metadata {"tool_name": "file_read", "category": "filesystem", "risk": "low", "phase": "execute"}
2026-09-16T22:43:27.720+00:00 dispatch_complete tool dispatch finished {"tool_name": "file_read", "success": true, "tier": "tier1", "output": "/**\n * Throttle function - limits how many times a function can be called per window.\n * Calls fn at most maxPerWindow times per windowMs.\n * Excess calls are silently skipped.\n */\n\nexport function...", "error": null}
2026-09-16T22:43:27.761+00:00 tool_result canonical tool outcome {"tool_name": "file_read", "outcome": "success", "success": true, "status": "success", "reason": "", "failure_class": "", "error": "", "phase": "execute", "source": "model", "duration_ms": 120.545, "requested_tool_name": ""}
2026-09-16T22:45:05.879+00:00 dispatch_start tool dispatch started {"tool_name": "artifact_read", "phase": "execute", "arguments": {"artifact_id": "A0004", "start_line": 1}, "requested_tool_name": null}
2026-09-16T22:45:05.921+00:00 dispatch_spec tool metadata {"tool_name": "artifact_read", "category": "data", "risk": "low", "phase": "execute"}
2026-09-16T22:45:05.963+00:00 dispatch_complete tool dispatch finished {"tool_name": "artifact_read", "success": true, "tier": "tier1", "output": "/**\n * Throttle function - limits how many times a function can be called per window.\n * Calls fn at most maxPerWindow times per windowMs.\n * Excess calls are silently skipped.\n */\n\nexport function...", "error": null}
2026-09-16T22:45:06.004+00:00 tool_result canonical tool outcome {"tool_name": "artifact_read", "outcome": "success", "success": true, "status": "success", "reason": "", "failure_class": "", "error": "", "phase": "execute", "source": "system", "duration_ms": 125.501, "requested_tool_name": "", "artifact_id": "A0004"}
2026-09-16T22:56:50.466+00:00 dispatch_start tool dispatch started {"tool_name": "file_write", "phase": "execute", "arguments": {"path": "server.py", "content_sha256": "10122605fee1c42cdfbc7d5905a35eccecef3423989c7d539194c5a29fb32d2d", "content_chars": 2845, "content_bytes": 2845, "content_preview": "#!/usr/bin/env python3\n\"\"\"\nRate-limited API server.\n- GET /api/time returns {\"now\": <unix timestamp>}\n- Per-client rate limit: 5 requests per 60 seconds, keyed ", "content_truncated": true}, "requested_tool_name": null}
2026-09-16T22:56:50.506+00:00 dispatch_spec tool metadata {"tool_name": "file_write", "category": "filesystem", "risk": "high", "phase": "execute"}
2026-09-16T22:56:50.626+00:00 dispatch_complete tool dispatch finished {"tool_name": "file_write", "success": true, "tier": "tier1", "output": "written", "error": null}
2026-09-16T22:56:50.668+00:00 tool_result canonical tool outcome {"tool_name": "file_write", "outcome": "success", "success": true, "status": "success", "reason": "", "failure_class": "", "error": "", "phase": "execute", "source": "model", "duration_ms": 201.631, "requested_tool_name": ""}
