

Loading model... 

▄▄ ▄▄
██ ██
██ ██  ▀▀█▄ ███▄███▄  ▀▀█▄    ▄████ ████▄ ████▄
██ ██ ▄█▀██ ██ ██ ██ ▄█▀██    ██    ██ ██ ██ ██
██ ██ ▀█▄██ ██ ██ ██ ▀█▄██ ██ ▀████ ████▀ ████▀
                                    ██    ██
                                    ▀▀    ▀▀

build      : b10896-fa6769818
model      : D:/models/granite-4.2-30b/granite-4.2-30b-Q4_K_M.gguf
ftype      : Q4_K - Medium
modalities : text

available commands:
  /exit or Ctrl+C     stop or exit
  /regen              regenerate the last response
  /clear              clear the chat history
  /read <file>        add a text file
  /glob <pattern>     add text files using globbing pattern



> hi

[Start thinking]

Okay, the user just said "hi". That's a simple greeting. I should respond politely and

[ Prompt: 3.0 t/s | Generation: 1.1 t/s ]


Exiting...
EXIT:0
